Vivado Simulator v2025.1.0
Copyright 1986-2022 Xilinx, Inc. All Rights Reserved.
Copyright 2022-2025 Advanced Micro Devices, Inc. All Rights Reserved.
Running: C:/Xilinx/2025.1/Vivado/bin/unwrapped/win64.o/xelab.exe --incr --debug typical --relax --mt 2 -L xil_defaultlib -L proc_sys_reset_v5_0_17 -L axi_datamover_v5_1_37 -L axi_sg_v4_1_21 -L axi_dma_v7_1_36 -L xilinx_vip -L unisims_ver -L unimacro_ver -L secureip -L xpm --snapshot top_behav xil_defaultlib.top xil_defaultlib.glbl -log elaborate.log 
Using 2 slave threads.
Starting static elaboration
Pass Through NonSizing Optimizer
Completed static elaboration
Starting simulation data flow analysis
Completed simulation data flow analysis
Time Resolution for simulation is 1ps
Compiling package std.standard
Compiling package std.textio
Compiling package ieee.std_logic_1164
Compiling package ieee.numeric_std
Compiling package ieee.fixed_float_types
Compiling package ieee.fixed_pkg
Compiling package ieee.math_real
Compiling package ieee.std_logic_arith
Compiling package ieee.std_logic_unsigned
Compiling package unisim.vcomponents
Compiling package synopsys.attributes
Compiling package ieee.std_logic_misc
Compiling package axi_dma_v7_1_36.axi_dma_pkg
Compiling package xpm.vcomponents
Compiling package axi_datamover_v5_1_37.axi_datamover_pkg
Compiling package ieee.vital_timing
Compiling package ieee.vital_primitives
Compiling package unisim.vpkg
Compiling package vl.vl_types
Compiling module xil_defaultlib.glbl
Compiling architecture arch of entity xil_defaultlib.division_par_reciproque [division_par_reciproque_default]
Compiling architecture newton of entity xil_defaultlib.racine_carree_pipeline [racine_carree_pipeline_default]
Compiling architecture behavioral of entity xil_defaultlib.power_on_reset [power_on_reset_default]
Compiling architecture implementation of entity axi_dma_v7_1_36.axi_dma_smple_sm [\axi_dma_smple_sm(c_extra=1)\]
Compiling architecture implementation of entity axi_dma_v7_1_36.axi_dma_mm2s_cmdsts_if [\axi_dma_mm2s_cmdsts_if(c_extra=...]
Compiling architecture implementation of entity axi_dma_v7_1_36.axi_dma_mm2s_sts_mngr [axi_dma_mm2s_sts_mngr_default]
Compiling architecture implementation of entity axi_dma_v7_1_36.axi_dma_mm2s_mngr [\axi_dma_mm2s_mngr(c_prmy_cmdfif...]
Compiling architecture implementation of entity axi_dma_v7_1_36.axi_dma_sofeof_gen [axi_dma_sofeof_gen_default]
Compiling architecture implementation of entity axi_dma_v7_1_36.axi_dma_s2mm_cmdsts_if [\axi_dma_s2mm_cmdsts_if(c_dm_sta...]
Compiling architecture implementation of entity axi_dma_v7_1_36.axi_dma_s2mm_sts_mngr [axi_dma_s2mm_sts_mngr_default]
Compiling architecture implementation of entity axi_dma_v7_1_36.axi_dma_s2mm_mngr [\axi_dma_s2mm_mngr(c_prmy_cmdfif...]
Compiling architecture implementation of entity axi_dma_v7_1_36.axi_dma_reset [\axi_dma_reset(c_include_sg=0,c_...]
Compiling module xpm.xpm_cdc_sync_rst(DEST_SYNC_FF=4,...
Compiling architecture implementation of entity axi_dma_v7_1_36.axi_dma_rst_module [\axi_dma_rst_module(c_include_sg...]
Compiling architecture implementation of entity axi_dma_v7_1_36.axi_dma_lite_if [\axi_dma_lite_if(c_num_ce=23,c_s...]
Compiling architecture implementation of entity axi_dma_v7_1_36.axi_dma_register [\axi_dma_register(c_num_register...]
Compiling architecture implementation of entity axi_dma_v7_1_36.axi_dma_register_s2mm [\axi_dma_register_s2mm(c_num_reg...]
Compiling architecture implementation of entity axi_dma_v7_1_36.axi_dma_reg_module [\axi_dma_reg_module(c_include_sg...]
Compiling architecture imp of entity axi_datamover_v5_1_37.srl_fifo [\srl_fifo(c_dwidth=8,c_depth=4)\]
Compiling architecture imp of entity axi_datamover_v5_1_37.axi_datamover_fifo [\axi_datamover_fifo(c_dwidth=8,c...]
Compiling module xpm.xpm_fifo_rst_default
Compiling module xpm.xpm_fifo_reg_bit
Compiling module xpm.xpm_counter_updn(COUNTER_WIDTH=8...
Compiling module xpm.xpm_counter_updn(COUNTER_WIDTH=7...
Compiling module xpm.xpm_counter_updn(COUNTER_WIDTH=7...
Compiling module xpm.xpm_counter_updn(COUNTER_WIDTH=7...
Compiling module xpm.xpm_memory_base(MEMORY_TYPE=1,ME...
Compiling module xpm.xpm_counter_updn(COUNTER_WIDTH=2...
Compiling module xpm.xpm_fifo_base(FIFO_MEMORY_TYPE=2...
Compiling module xpm.xpm_fifo_sync(FIFO_MEMORY_TYPE="...
Compiling architecture imp of entity axi_datamover_v5_1_37.axi_datamover_sfifo_autord [\axi_datamover_sfifo_autord(c_dw...]
Compiling architecture implementation of entity axi_datamover_v5_1_37.axi_datamover_rd_sf [\axi_datamover_rd_sf(c_sf_fifo_d...]
Compiling architecture implementation of entity axi_datamover_v5_1_37.axi_datamover_skid_buf [axi_datamover_skid_buf_default]
Compiling architecture implementation of entity axi_datamover_v5_1_37.axi_datamover_reset [axi_datamover_reset_default]
Compiling architecture imp of entity axi_datamover_v5_1_37.axi_datamover_fifo [\axi_datamover_fifo(c_dwidth=8,c...]
Compiling architecture imp of entity axi_datamover_v5_1_37.axi_datamover_fifo [\axi_datamover_fifo(c_dwidth=71,...]
Compiling architecture implementation of entity axi_datamover_v5_1_37.axi_datamover_cmd_status [\axi_datamover_cmd_status(c_stsc...]
Compiling architecture implementation of entity axi_datamover_v5_1_37.axi_datamover_rd_status_cntl [axi_datamover_rd_status_cntl_def...]
Compiling architecture implementation of entity axi_datamover_v5_1_37.axi_datamover_strb_gen2 [\axi_datamover_strb_gen2(c_strb_...]
Compiling architecture implementation of entity axi_datamover_v5_1_37.axi_datamover_strb_gen2 [\axi_datamover_strb_gen2(c_op_mo...]
Compiling architecture implementation of entity axi_datamover_v5_1_37.axi_datamover_pcc [\axi_datamover_pcc(c_is_mm2s=1,c...]
Compiling architecture imp of entity axi_datamover_v5_1_37.srl_fifo [\srl_fifo(c_dwidth=59,c_depth=4)...]
Compiling architecture imp of entity axi_datamover_v5_1_37.axi_datamover_fifo [\axi_datamover_fifo(c_dwidth=59,...]
Compiling architecture implementation of entity axi_datamover_v5_1_37.axi_datamover_addr_cntl [\axi_datamover_addr_cntl(c_famil...]
Compiling architecture imp of entity axi_datamover_v5_1_37.srl_fifo [\srl_fifo(c_dwidth=29,c_depth=4)...]
Compiling architecture imp of entity axi_datamover_v5_1_37.axi_datamover_fifo [\axi_datamover_fifo(c_dwidth=29,...]
Compiling architecture implementation of entity axi_datamover_v5_1_37.axi_datamover_rdmux [\axi_datamover_rdmux(c_sel_addr_...]
Compiling architecture implementation of entity axi_datamover_v5_1_37.axi_datamover_rddata_cntl [\axi_datamover_rddata_cntl(c_ali...]
Compiling architecture implementation of entity axi_datamover_v5_1_37.axi_datamover_mm2s_full_wrap [\axi_datamover_mm2s_full_wrap(c_...]
Compiling architecture implementation of entity axi_datamover_v5_1_37.axi_datamover_ibttcc [\axi_datamover_ibttcc(c_sf_xfer_...]
Compiling architecture implementation of entity axi_datamover_v5_1_37.axi_datamover_ms_strb_set [\axi_datamover_ms_strb_set(c_str...]
Compiling architecture implementation of entity axi_datamover_v5_1_37.axi_datamover_mssai_skid_buf [axi_datamover_mssai_skid_buf_def...]
Compiling architecture working of entity axi_datamover_v5_1_37.axi_datamover_slice [\axi_datamover_slice(c_data_widt...]
Compiling architecture imp of entity axi_datamover_v5_1_37.srl_fifo [\srl_fifo(c_dwidth=9,c_depth=16)...]
Compiling architecture imp of entity axi_datamover_v5_1_37.axi_datamover_fifo [\axi_datamover_fifo(c_dwidth=9,c...]
Compiling architecture implementation of entity axi_datamover_v5_1_37.axi_datamover_s2mm_scatter [\axi_datamover_s2mm_scatter(c_en...]
Compiling architecture imp of entity axi_datamover_v5_1_37.srl_fifo [\srl_fifo(c_dwidth=25,c_depth=4)...]
Compiling architecture imp of entity axi_datamover_v5_1_37.axi_datamover_fifo [\axi_datamover_fifo(c_dwidth=25,...]
Compiling architecture implementation of entity axi_datamover_v5_1_37.axi_datamover_s2mm_realign [\axi_datamover_s2mm_realign(c_en...]
Compiling architecture implementation of entity axi_datamover_v5_1_37.axi_datamover_stbs_set_nodre [\axi_datamover_stbs_set_nodre(c_...]
Compiling architecture implementation of entity axi_datamover_v5_1_37.axi_datamover_skid_buf [\axi_datamover_skid_buf(c_wdata_...]
Compiling module xpm.xpm_fifo_rst_default_1
Compiling module xpm.xpm_counter_updn(COUNTER_WIDTH=5...
Compiling module xpm.xpm_counter_updn(RESET_VALUE=1)
Compiling module xpm.xpm_counter_updn(RESET_VALUE=2)
Compiling module xpm.xpm_counter_updn(RESET_VALUE=3)
Compiling module xpm.xpm_memory_base(MEMORY_TYPE=1,ME...
Compiling module xpm.xpm_fifo_base(FIFO_WRITE_DEPTH=1...
Compiling module xpm.xpm_fifo_sync(FIFO_MEMORY_TYPE="...
Compiling architecture imp of entity axi_datamover_v5_1_37.axi_datamover_sfifo_autord [\axi_datamover_sfifo_autord(c_dw...]
Compiling module xpm.xpm_fifo_rst_default_2
Compiling module xpm.xpm_memory_base(MEMORY_TYPE=1,ME...
Compiling module xpm.xpm_fifo_base(FIFO_MEMORY_TYPE=2...
Compiling module xpm.xpm_fifo_sync(FIFO_MEMORY_TYPE="...
Compiling architecture imp of entity axi_datamover_v5_1_37.axi_datamover_sfifo_autord [\axi_datamover_sfifo_autord(c_dw...]
Compiling architecture implementation of entity axi_datamover_v5_1_37.axi_datamover_indet_btt [\axi_datamover_indet_btt(c_ibtt_...]
Compiling architecture imp of entity axi_datamover_v5_1_37.axi_datamover_fifo [\axi_datamover_fifo(c_dwidth=35,...]
Compiling architecture implementation of entity axi_datamover_v5_1_37.axi_datamover_cmd_status [\axi_datamover_cmd_status(c_stsc...]
Compiling architecture imp of entity axi_datamover_v5_1_37.srl_fifo [\srl_fifo(c_dwidth=21,c_depth=6)...]
Compiling architecture imp of entity axi_datamover_v5_1_37.axi_datamover_fifo [\axi_datamover_fifo(c_dwidth=21,...]
Compiling architecture imp of entity axi_datamover_v5_1_37.srl_fifo [\srl_fifo(c_dwidth=2,c_depth=6)\]
Compiling architecture imp of entity axi_datamover_v5_1_37.axi_datamover_fifo [\axi_datamover_fifo(c_dwidth=2,c...]
Compiling architecture implementation of entity axi_datamover_v5_1_37.axi_datamover_wr_status_cntl [\axi_datamover_wr_status_cntl(c_...]
Compiling architecture implementation of entity axi_datamover_v5_1_37.axi_datamover_addr_cntl [\axi_datamover_addr_cntl(c_addr_...]
Compiling architecture imp of entity axi_datamover_v5_1_37.srl_fifo [\srl_fifo(c_dwidth=27,c_depth=4)...]
Compiling architecture imp of entity axi_datamover_v5_1_37.axi_datamover_fifo [\axi_datamover_fifo(c_dwidth=27,...]
Compiling architecture implementation of entity axi_datamover_v5_1_37.axi_datamover_wrdata_cntl [\axi_datamover_wrdata_cntl(c_rea...]
Compiling architecture implementation of entity axi_datamover_v5_1_37.axi_datamover_wr_demux [\axi_datamover_wr_demux(c_sel_ad...]
Compiling architecture implementation of entity axi_datamover_v5_1_37.axi_datamover_skid2mm_buf [\axi_datamover_skid2mm_buf(c_add...]
Compiling architecture implementation of entity axi_datamover_v5_1_37.axi_datamover_s2mm_full_wrap [\axi_datamover_s2mm_full_wrap(c_...]
Compiling architecture implementation of entity axi_datamover_v5_1_37.axi_datamover [\axi_datamover(c_include_mm2s=1,...]
Compiling architecture implementation of entity axi_dma_v7_1_36.axi_dma [\axi_dma(c_include_sg=0,c_sg_inc...]
Compiling architecture zynq_axi_dma_0_0_arch of entity xil_defaultlib.zynq_axi_dma_0_0 [zynq_axi_dma_0_0_default]
Compiling architecture gnd_v of entity unisim.GND [gnd_default]
Compiling architecture fdre_v of entity unisim.FDRE [fdre_default]
Compiling architecture lut2_v of entity unisim.LUT2 [\LUT2(init="1011")(0,3)\]
Compiling architecture lut6_v of entity unisim.LUT6 [\LUT6(init="01010101011101011111...]
Compiling architecture lut4_v of entity unisim.LUT4 [\LUT4(init="0101110111111111")(0...]
Compiling architecture lut6_v of entity unisim.LUT6 [\LUT6(init="10000010000000000000...]
Compiling architecture lut4_v of entity unisim.LUT4 [\LUT4(init="1001000000001001")(0...]
Compiling architecture lut1_v of entity unisim.LUT1 [\LUT1(init="0001")(0,3)\]
Compiling architecture lut5_v of entity unisim.LUT5 [\LUT5(init="00100000001000101010...]
Compiling architecture lut6_v of entity unisim.LUT6 [\LUT6(init="10001010111111111010...]
Compiling architecture lut5_v of entity unisim.LUT5 [\LUT5(init="11111111110010111000...]
Compiling architecture fdpe_v of entity unisim.FDPE [fdpe_default]
Compiling architecture lut4_v of entity unisim.LUT4 [\LUT4(init="1111001100100000")(0...]
Compiling architecture lut4_v of entity unisim.LUT4 [\LUT4(init="0100010101010101")(0...]
Compiling architecture lut6_v of entity unisim.LUT6 [\LUT6(init="11111111111111111010...]
Compiling architecture lut3_v of entity unisim.LUT3 [\LUT3(init="10111010")(0,7)\]
Compiling architecture lut4_v of entity unisim.LUT4 [\LUT4(init="0010000011111111")(0...]
Compiling architecture fdce_v of entity unisim.FDCE [fdce_default]
Compiling architecture lut4_v of entity unisim.LUT4 [\LUT4(init="1010111110101010")(0...]
Compiling architecture structure of entity xil_defaultlib.zynq_axi_mem_intercon_imp_auto_pc_0_rd_fwft [zynq_axi_mem_intercon_imp_auto_p...]
Compiling architecture structure of entity xil_defaultlib.zynq_axi_mem_intercon_imp_auto_pc_0_rd_status_flags_ss [zynq_axi_mem_intercon_imp_auto_p...]
Compiling architecture lut2_v of entity unisim.LUT2 [\LUT2(init="0110")(0,3)\]
Compiling architecture lut3_v of entity unisim.LUT3 [\LUT3(init="01111000")(0,7)\]
Compiling architecture lut4_v of entity unisim.LUT4 [\LUT4(init="0111111110000000")(0...]
Compiling architecture lut5_v of entity unisim.LUT5 [\LUT5(init="01111111111111111000...]
Compiling architecture structure of entity xil_defaultlib.zynq_axi_mem_intercon_imp_auto_pc_0_rd_bin_cntr [zynq_axi_mem_intercon_imp_auto_p...]
Compiling architecture structure of entity xil_defaultlib.zynq_axi_mem_intercon_imp_auto_pc_0_rd_logic [zynq_axi_mem_intercon_imp_auto_p...]
Compiling architecture lut2_v of entity unisim.LUT2 [\LUT2(init="0010")(0,3)\]
Compiling architecture lut1_v of entity unisim.LUT1 [\LUT1(init="0010")(0,3)\]
Compiling architecture structure of entity xil_defaultlib.zynq_axi_mem_intercon_imp_auto_pc_0_wr_status_flags_ss [zynq_axi_mem_intercon_imp_auto_p...]
Compiling architecture lut6_v of entity unisim.LUT6 [\LUT6(init="11111111000011111111...]
Compiling architecture lut5_v of entity unisim.LUT5 [\LUT5(init="10010000000010010000...]
Compiling architecture lut6_v of entity unisim.LUT6 [\LUT6(init="10010000000010010000...]
Compiling architecture lut5_v of entity unisim.LUT5 [\LUT5(init="00001111111111110000...]
Compiling architecture structure of entity xil_defaultlib.zynq_axi_mem_intercon_imp_auto_pc_0_wr_bin_cntr [zynq_axi_mem_intercon_imp_auto_p...]
Compiling architecture structure of entity xil_defaultlib.zynq_axi_mem_intercon_imp_auto_pc_0_wr_logic [zynq_axi_mem_intercon_imp_auto_p...]
Compiling architecture ram32x1d_v of entity unisim.RAM32X1D [ram32x1d_default]
Compiling architecture lut6_v of entity unisim.LUT6 [\LUT6(init="11111111111111111011...]
Compiling architecture structure of entity xil_defaultlib.zynq_axi_mem_intercon_imp_auto_pc_0_dmem [zynq_axi_mem_intercon_imp_auto_p...]
Compiling architecture structure of entity xil_defaultlib.zynq_axi_mem_intercon_imp_auto_pc_0_memory [zynq_axi_mem_intercon_imp_auto_p...]
Compiling architecture lut3_v of entity unisim.LUT3 [\LUT3(init="11111110")(0,7)\]
Compiling architecture fdpe_v of entity unisim.FDPE [\FDPE(init='0')\]
Compiling architecture structure of entity xil_defaultlib.zynq_axi_mem_intercon_imp_auto_pc_0_xpm_cdc_async_rst [zynq_axi_mem_intercon_imp_auto_p...]
Compiling architecture structure of entity xil_defaultlib.zynq_axi_mem_intercon_imp_auto_pc_0_reset_blk_ramfifo [zynq_axi_mem_intercon_imp_auto_p...]
Compiling architecture structure of entity xil_defaultlib.zynq_axi_mem_intercon_imp_auto_pc_0_fifo_generator_ramfifo [zynq_axi_mem_intercon_imp_auto_p...]
Compiling architecture structure of entity xil_defaultlib.zynq_axi_mem_intercon_imp_auto_pc_0_fifo_generator_top [zynq_axi_mem_intercon_imp_auto_p...]
Compiling architecture structure of entity xil_defaultlib.zynq_axi_mem_intercon_imp_auto_pc_0_fifo_generator_v13_2_13_synth [zynq_axi_mem_intercon_imp_auto_p...]
Compiling architecture structure of entity xil_defaultlib.zynq_axi_mem_intercon_imp_auto_pc_0_fifo_generator_v13_2_13 [zynq_axi_mem_intercon_imp_auto_p...]
Compiling architecture lut3_v of entity unisim.LUT3 [\LUT3(init="00000010")(0,7)\]
Compiling architecture lut3_v of entity unisim.LUT3 [\LUT3(init="10110000")(0,7)\]
Compiling architecture lut3_v of entity unisim.LUT3 [\LUT3(init="00001011")(0,7)\]
Compiling architecture lut4_v of entity unisim.LUT4 [\LUT4(init="1000101000000000")(0...]
Compiling architecture structure of entity xil_defaultlib.zynq_axi_mem_intercon_imp_auto_pc_0_axi_data_fifo_v2_1_35_fifo_gen [zynq_axi_mem_intercon_imp_auto_p...]
Compiling architecture structure of entity xil_defaultlib.zynq_axi_mem_intercon_imp_auto_pc_0_axi_data_fifo_v2_1_35_axic_fifo [zynq_axi_mem_intercon_imp_auto_p...]
Compiling architecture lut3_v of entity unisim.LUT3 [\LUT3(init="01000000")(0,7)\]
Compiling architecture lut3_v of entity unisim.LUT3 [\LUT3(init="10000000")(0,7)\]
Compiling architecture lut3_v of entity unisim.LUT3 [\LUT3(init="00001000")(0,7)\]
Compiling architecture lut2_v of entity unisim.LUT2 [\LUT2(init="0111")(0,3)\]
Compiling architecture lut4_v of entity unisim.LUT4 [\LUT4(init="0000000000000001")(0...]
Compiling architecture lut2_v of entity unisim.LUT2 [\LUT2(init="1000")(0,3)\]
Compiling architecture lut6_v of entity unisim.LUT6 [\LUT6(init="00101010101010101000...]
Compiling architecture lut6_v of entity unisim.LUT6 [\LUT6(init="10000000000000000000...]
Compiling architecture lut5_v of entity unisim.LUT5 [\LUT5(init="00000000000000000000...]
Compiling architecture lut6_v of entity unisim.LUT6 [\LUT6(init="00000000000000000000...]
Compiling architecture lut5_v of entity unisim.LUT5 [\LUT5(init="00000001111111110000...]
Compiling architecture lut6_v of entity unisim.LUT6 [\LUT6(init="00000000001101101111...]
Compiling architecture lut3_v of entity unisim.LUT3 [\LUT3(init="10111000")(0,7)\]
Compiling architecture lut5_v of entity unisim.LUT5 [\LUT5(init="00000111010100110001...]
Compiling architecture lut6_v of entity unisim.LUT6 [\LUT6(init="00000111111111010101...]
Compiling architecture lut6_v of entity unisim.LUT6 [\LUT6(init="00010100111010101110...]
Compiling architecture lut6_v of entity unisim.LUT6 [\LUT6(init="01001010101000101010...]
Compiling architecture lut6_v of entity unisim.LUT6 [\LUT6(init="01000100010001000100...]
Compiling architecture lut5_v of entity unisim.LUT5 [\LUT5(init="10001111111111111000...]
Compiling architecture lut6_v of entity unisim.LUT6 [\LUT6(init="11111111111111111111...]
Compiling architecture lut4_v of entity unisim.LUT4 [\LUT4(init="0101011010100110")(0...]
Compiling architecture lut6_v of entity unisim.LUT6 [\LUT6(init="00011101110111011110...]
Compiling architecture carry4_v of entity unisim.CARRY4 [carry4_default]
Compiling architecture lut3_v of entity unisim.LUT3 [\LUT3(init="00000001")(0,7)\]
Compiling architecture lut2_v of entity unisim.LUT2 [\LUT2(init="0001")(0,3)\]
Compiling architecture lut3_v of entity unisim.LUT3 [\LUT3(init="00010101")(0,7)\]
Compiling architecture lut3_v of entity unisim.LUT3 [\LUT3(init="01010111")(0,7)\]
Compiling architecture lut3_v of entity unisim.LUT3 [\LUT3(init="01111111")(0,7)\]
Compiling architecture structure of entity xil_defaultlib.zynq_axi_mem_intercon_imp_auto_pc_0_axi_protocol_converter_v2_1_36_a_axi3_conv [zynq_axi_mem_intercon_imp_auto_p...]
Compiling architecture lut4_v of entity unisim.LUT4 [\LUT4(init="0000000010000000")(0...]
Compiling architecture structure of entity xil_defaultlib.zynq_axi_mem_intercon_imp_auto_pc_0_axi_protocol_converter_v2_1_36_r_axi3_conv [zynq_axi_mem_intercon_imp_auto_p...]
Compiling architecture structure of entity xil_defaultlib.zynq_axi_mem_intercon_imp_auto_pc_0_axi_protocol_converter_v2_1_36_axi3_conv [zynq_axi_mem_intercon_imp_auto_p...]
Compiling architecture structure of entity xil_defaultlib.zynq_axi_mem_intercon_imp_auto_pc_0_axi_protocol_converter_v2_1_36_axi_protocol_converter [zynq_axi_mem_intercon_imp_auto_p...]
Compiling architecture structure of entity xil_defaultlib.zynq_axi_mem_intercon_imp_auto_pc_0 [zynq_axi_mem_intercon_imp_auto_p...]
Compiling architecture lut4_v of entity unisim.LUT4 [\LUT4(init="0010000000000000")(0...]
Compiling architecture lut4_v of entity unisim.LUT4 [\LUT4(init="1111110100000000")(0...]
Compiling architecture structure of entity xil_defaultlib.\zynq_axi_mem_intercon_imp_auto_us_0_axi_register_slice_v2_1_35_axic_register_slice__parameterized2\ [\zynq_axi_mem_intercon_imp_auto_...]
Compiling architecture structure of entity xil_defaultlib.zynq_axi_mem_intercon_imp_auto_us_0_axi_register_slice_v2_1_35_axi_register_slice [zynq_axi_mem_intercon_imp_auto_u...]
Compiling architecture lut5_v of entity unisim.LUT5 [\LUT5(init="00000000000000001111...]
Compiling architecture fdse_v of entity unisim.FDSE [fdse_default]
Compiling architecture lut3_v of entity unisim.LUT3 [\LUT3(init="00011101")(0,7)\]
Compiling architecture lut5_v of entity unisim.LUT5 [\LUT5(init="11001100101001010011...]
Compiling architecture lut6_v of entity unisim.LUT6 [\LUT6(init="11101110111011101111...]
Compiling architecture lut6_v of entity unisim.LUT6 [\LUT6(init="11000011101010101100...]
Compiling architecture lut3_v of entity unisim.LUT3 [\LUT3(init="10011010")(0,7)\]
Compiling architecture lut4_v of entity unisim.LUT4 [\LUT4(init="1110010110110000")(0...]
Compiling architecture lut5_v of entity unisim.LUT5 [\LUT5(init="11001100111110111100...]
Compiling architecture lut6_v of entity unisim.LUT6 [\LUT6(init="11110000111100001010...]
Compiling architecture lut6_v of entity unisim.LUT6 [\LUT6(init="00000000000000000000...]
Compiling architecture lut4_v of entity unisim.LUT4 [\LUT4(init="0000000111111101")(0...]
Compiling architecture lut4_v of entity unisim.LUT4 [\LUT4(init="1111111000000010")(0...]
Compiling architecture lut6_v of entity unisim.LUT6 [\LUT6(init="10101111101000001100...]
Compiling architecture lut4_v of entity unisim.LUT4 [\LUT4(init="0000111100000100")(0...]
Compiling architecture lut6_v of entity unisim.LUT6 [\LUT6(init="00000000000000000000...]
Compiling architecture lut5_v of entity unisim.LUT5 [\LUT5(init="00000000000001010011...]
Compiling architecture lut5_v of entity unisim.LUT5 [\LUT5(init="00000000111111110000...]
Compiling architecture lut6_v of entity unisim.LUT6 [\LUT6(init="11111110111110100100...]
Compiling architecture lut4_v of entity unisim.LUT4 [\LUT4(init="0001111111111111")(0...]
Compiling architecture lut6_v of entity unisim.LUT6 [\LUT6(init="11111111111111111101...]
Compiling architecture structure of entity xil_defaultlib.zynq_axi_mem_intercon_imp_auto_us_0_axi_dwidth_converter_v2_1_36_r_upsizer [zynq_axi_mem_intercon_imp_auto_u...]
Compiling architecture lut5_v of entity unisim.LUT5 [\LUT5(init="00000000100000000000...]
Compiling architecture lut6_v of entity unisim.LUT6 [\LUT6(init="00000000101010100000...]
Compiling architecture lut6_v of entity unisim.LUT6 [\LUT6(init="10101010101010101010...]
Compiling architecture lut5_v of entity unisim.LUT5 [\LUT5(init="10111111010000001111...]
Compiling architecture lut6_v of entity unisim.LUT6 [\LUT6(init="11011111111111110010...]
Compiling architecture lut6_v of entity unisim.LUT6 [\LUT6(init="10000000100000001000...]
Compiling architecture lut6_v of entity unisim.LUT6 [\LUT6(init="01101010101010101010...]
Compiling architecture lut6_v of entity unisim.LUT6 [\LUT6(init="00001000000010000000...]
Compiling architecture lut5_v of entity unisim.LUT5 [\LUT5(init="00000000000000000000...]
Compiling architecture srlc32e_v of entity unisim.SRLC32E [\SRLC32E(0,31)\]
Compiling architecture lut6_v of entity unisim.LUT6 [\LUT6(init="00000000111111111111...]
Compiling architecture lut5_v of entity unisim.LUT5 [\LUT5(init="11111111011111111111...]
Compiling architecture lut4_v of entity unisim.LUT4 [\LUT4(init="0000000000001101")(0...]
Compiling architecture lut5_v of entity unisim.LUT5 [\LUT5(init="10001000100010101000...]
Compiling architecture lut6_v of entity unisim.LUT6 [\LUT6(init="11000100110001001100...]
Compiling architecture lut5_v of entity unisim.LUT5 [\LUT5(init="11111111111111111111...]
Compiling architecture lut3_v of entity unisim.LUT3 [\LUT3(init="01000101")(0,7)\]
Compiling architecture lut6_v of entity unisim.LUT6 [\LUT6(init="00000000000000101010...]
Compiling architecture lut6_v of entity unisim.LUT6 [\LUT6(init="10001000100000100010...]
Compiling architecture lut4_v of entity unisim.LUT4 [\LUT4(init="1010101010000000")(0...]
Compiling architecture lut6_v of entity unisim.LUT6 [\LUT6(init="00101000001010000010...]
Compiling architecture lut5_v of entity unisim.LUT5 [\LUT5(init="00000000000000000101...]
Compiling architecture lut6_v of entity unisim.LUT6 [\LUT6(init="11111111111111111111...]
Compiling architecture lut5_v of entity unisim.LUT5 [\LUT5(init="10011001100110101001...]
Compiling architecture lut5_v of entity unisim.LUT5 [\LUT5(init="01100110011001010110...]
Compiling architecture lut3_v of entity unisim.LUT3 [\LUT3(init="11111000")(0,7)\]
Compiling architecture lut4_v of entity unisim.LUT4 [\LUT4(init="0101110100000000")(0...]
Compiling architecture lut6_v of entity unisim.LUT6 [\LUT6(init="00000000000000001010...]
Compiling architecture lut4_v of entity unisim.LUT4 [\LUT4(init="1011000000000000")(0...]
Compiling architecture lut5_v of entity unisim.LUT5 [\LUT5(init="11111111111111111111...]
Compiling architecture lut6_v of entity unisim.LUT6 [\LUT6(init="11111111111111111111...]
Compiling architecture structure of entity xil_defaultlib.zynq_axi_mem_intercon_imp_auto_us_0_generic_baseblocks_v2_1_2_command_fifo [zynq_axi_mem_intercon_imp_auto_u...]
Compiling architecture structure of entity xil_defaultlib.zynq_axi_mem_intercon_imp_auto_us_0_axi_dwidth_converter_v2_1_36_a_upsizer [zynq_axi_mem_intercon_imp_auto_u...]
Compiling architecture lut6_v of entity unisim.LUT6 [\LUT6(init="11111111111111111111...]
Compiling architecture lut6_v of entity unisim.LUT6 [\LUT6(init="00000011000000100000...]
Compiling architecture lut6_v of entity unisim.LUT6 [\LUT6(init="01010010000000000101...]
Compiling architecture lut6_v of entity unisim.LUT6 [\LUT6(init="00000000000000000000...]
Compiling architecture lut6_v of entity unisim.LUT6 [\LUT6(init="10011001100110011001...]
Compiling architecture lut6_v of entity unisim.LUT6 [\LUT6(init="00000000000000000000...]
Compiling architecture lut6_v of entity unisim.LUT6 [\LUT6(init="00000000000000000000...]
Compiling architecture lut6_v of entity unisim.LUT6 [\LUT6(init="00000000000000000000...]
Compiling architecture lut5_v of entity unisim.LUT5 [\LUT5(init="00000000000000001001...]
Compiling architecture lut3_v of entity unisim.LUT3 [\LUT3(init="11101111")(0,7)\]
Compiling architecture lut4_v of entity unisim.LUT4 [\LUT4(init="1111111111110001")(0...]
Compiling architecture lut6_v of entity unisim.LUT6 [\LUT6(init="11111111111110110000...]
Compiling architecture lut5_v of entity unisim.LUT5 [\LUT5(init="11111111111111101010...]
Compiling architecture lut6_v of entity unisim.LUT6 [\LUT6(init="00000000000000000000...]
Compiling architecture lut6_v of entity unisim.LUT6 [\LUT6(init="00101010101010100010...]
Compiling architecture lut5_v of entity unisim.LUT5 [\LUT5(init="00100000101010100010...]
Compiling architecture lut5_v of entity unisim.LUT5 [\LUT5(init="00000011000000100000...]
Compiling architecture lut5_v of entity unisim.LUT5 [\LUT5(init="10000000000000001111...]
Compiling architecture lut6_v of entity unisim.LUT6 [\LUT6(init="00000000000000000000...]
Compiling architecture lut6_v of entity unisim.LUT6 [\LUT6(init="00000000000000000000...]
Compiling architecture lut6_v of entity unisim.LUT6 [\LUT6(init="00000000000000001010...]
Compiling architecture lut5_v of entity unisim.LUT5 [\LUT5(init="00000101000001010011...]
Compiling architecture lut6_v of entity unisim.LUT6 [\LUT6(init="00000000000011110000...]
Compiling architecture lut6_v of entity unisim.LUT6 [\LUT6(init="11111111111111111010...]
Compiling architecture lut3_v of entity unisim.LUT3 [\LUT3(init="01110000")(0,7)\]
Compiling architecture lut5_v of entity unisim.LUT5 [\LUT5(init="10011001100110011001...]
Compiling architecture lut6_v of entity unisim.LUT6 [\LUT6(init="00000000111010100000...]
Compiling architecture lut6_v of entity unisim.LUT6 [\LUT6(init="01000101000000000000...]
Compiling architecture lut3_v of entity unisim.LUT3 [\LUT3(init="10101000")(0,7)\]
Compiling architecture lut6_v of entity unisim.LUT6 [\LUT6(init="11111111111111110100...]
Compiling architecture lut2_v of entity unisim.LUT2 [\LUT2(init="1110")(0,3)\]
Compiling architecture lut4_v of entity unisim.LUT4 [\LUT4(init="0100000010111111")(0...]
Compiling architecture lut6_v of entity unisim.LUT6 [\LUT6(init="00000000010000001111...]
Compiling architecture lut6_v of entity unisim.LUT6 [\LUT6(init="11111101111111110000...]
Compiling architecture lut6_v of entity unisim.LUT6 [\LUT6(init="00000000000000000000...]
Compiling architecture lut5_v of entity unisim.LUT5 [\LUT5(init="11111100111101111111...]
Compiling architecture lut4_v of entity unisim.LUT4 [\LUT4(init="1111111111111101")(0...]
Compiling architecture lut6_v of entity unisim.LUT6 [\LUT6(init="00000000000000000000...]
Compiling architecture lut6_v of entity unisim.LUT6 [\LUT6(init="11100000111111110000...]
Compiling architecture lut4_v of entity unisim.LUT4 [\LUT4(init="0001000100010000")(0...]
Compiling architecture lut6_v of entity unisim.LUT6 [\LUT6(init="00000000000000000000...]
Compiling architecture lut4_v of entity unisim.LUT4 [\LUT4(init="1110000000000000")(0...]
Compiling architecture lut6_v of entity unisim.LUT6 [\LUT6(init="11111111111111110101...]
Compiling architecture lut6_v of entity unisim.LUT6 [\LUT6(init="00000000000000000000...]
Compiling architecture lut4_v of entity unisim.LUT4 [\LUT4(init="0100111011111111")(0...]
Compiling architecture fdre_v of entity unisim.FDRE [\FDRE(init='1')\]
Compiling architecture lut5_v of entity unisim.LUT5 [\LUT5(init="01011111110111010000...]
Compiling architecture structure of entity xil_defaultlib.\zynq_axi_mem_intercon_imp_auto_us_0_axi_register_slice_v2_1_35_axic_register_slice__parameterized5\ [\zynq_axi_mem_intercon_imp_auto_...]
Compiling architecture structure of entity xil_defaultlib.\zynq_axi_mem_intercon_imp_auto_us_0_axi_register_slice_v2_1_35_axi_register_slice__parameterized0\ [\zynq_axi_mem_intercon_imp_auto_...]
Compiling architecture structure of entity xil_defaultlib.zynq_axi_mem_intercon_imp_auto_us_0_axi_dwidth_converter_v2_1_36_axi_upsizer [zynq_axi_mem_intercon_imp_auto_u...]
Compiling architecture structure of entity xil_defaultlib.zynq_axi_mem_intercon_imp_auto_us_0_axi_dwidth_converter_v2_1_36_top [zynq_axi_mem_intercon_imp_auto_u...]
Compiling architecture structure of entity xil_defaultlib.zynq_axi_mem_intercon_imp_auto_us_0 [zynq_axi_mem_intercon_imp_auto_u...]
Compiling architecture structure of entity xil_defaultlib.s00_couplers_imp_NSHFYT [s00_couplers_imp_nshfyt_default]
Compiling architecture structure of entity xil_defaultlib.zynq_axi_mem_intercon_0 [zynq_axi_mem_intercon_0_default]
Compiling architecture fdse_v of entity unisim.FDSE [\FDSE(init='0')\]
Compiling architecture lut3_v of entity unisim.LUT3 [\LUT3(init="10001010")(0,7)\]
Compiling architecture lut6_v of entity unisim.LUT6 [\LUT6(init="10101111101011111100...]
Compiling architecture lut6_v of entity unisim.LUT6 [\LUT6(init="10111010101010101011...]
Compiling architecture lut4_v of entity unisim.LUT4 [\LUT4(init="1010111010101010")(0...]
Compiling architecture lut6_v of entity unisim.LUT6 [\LUT6(init="00000000000000000000...]
Compiling architecture structure of entity xil_defaultlib.zynq_axi_mem_intercon_1_imp_auto_pc_0_axi_protocol_converter_v2_1_36_b_downsizer [zynq_axi_mem_intercon_1_imp_auto...]
Compiling architecture lut6_v of entity unisim.LUT6 [\LUT6(init="00000000000000001010...]
Compiling architecture lut4_v of entity unisim.LUT4 [\LUT4(init="0000000011110111")(0...]
Compiling architecture structure of entity xil_defaultlib.zynq_axi_mem_intercon_1_imp_auto_pc_0_rd_fwft_6 [zynq_axi_mem_intercon_1_imp_auto...]
Compiling architecture structure of entity xil_defaultlib.zynq_axi_mem_intercon_1_imp_auto_pc_0_rd_status_flags_ss_7 [zynq_axi_mem_intercon_1_imp_auto...]
Compiling architecture structure of entity xil_defaultlib.zynq_axi_mem_intercon_1_imp_auto_pc_0_rd_bin_cntr_8 [zynq_axi_mem_intercon_1_imp_auto...]
Compiling architecture structure of entity xil_defaultlib.zynq_axi_mem_intercon_1_imp_auto_pc_0_rd_logic_0 [zynq_axi_mem_intercon_1_imp_auto...]
Compiling architecture structure of entity xil_defaultlib.zynq_axi_mem_intercon_1_imp_auto_pc_0_wr_status_flags_ss_4 [zynq_axi_mem_intercon_1_imp_auto...]
Compiling architecture structure of entity xil_defaultlib.zynq_axi_mem_intercon_1_imp_auto_pc_0_wr_bin_cntr_5 [zynq_axi_mem_intercon_1_imp_auto...]
Compiling architecture structure of entity xil_defaultlib.zynq_axi_mem_intercon_1_imp_auto_pc_0_wr_logic_1 [zynq_axi_mem_intercon_1_imp_auto...]
Compiling architecture ram32m_v of entity unisim.RAM32M [ram32m_default]
Compiling architecture structure of entity xil_defaultlib.zynq_axi_mem_intercon_1_imp_auto_pc_0_dmem_3 [zynq_axi_mem_intercon_1_imp_auto...]
Compiling architecture structure of entity xil_defaultlib.zynq_axi_mem_intercon_1_imp_auto_pc_0_memory_2 [zynq_axi_mem_intercon_1_imp_auto...]
Compiling architecture lut6_v of entity unisim.LUT6 [\LUT6(init="00000000000000000000...]
Compiling architecture structure of entity xil_defaultlib.\zynq_axi_mem_intercon_1_imp_auto_pc_0_xpm_cdc_async_rst__2\ [\zynq_axi_mem_intercon_1_imp_aut...]
Compiling architecture structure of entity xil_defaultlib.\zynq_axi_mem_intercon_1_imp_auto_pc_0_reset_blk_ramfifo__xdcDup__1\ [\zynq_axi_mem_intercon_1_imp_aut...]
Compiling architecture structure of entity xil_defaultlib.\zynq_axi_mem_intercon_1_imp_auto_pc_0_fifo_generator_ramfifo__xdcDup__1\ [\zynq_axi_mem_intercon_1_imp_aut...]
Compiling architecture structure of entity xil_defaultlib.\zynq_axi_mem_intercon_1_imp_auto_pc_0_fifo_generator_top__xdcDup__1\ [\zynq_axi_mem_intercon_1_imp_aut...]
Compiling architecture structure of entity xil_defaultlib.\zynq_axi_mem_intercon_1_imp_auto_pc_0_fifo_generator_v13_2_13_synth__xdcDup__1\ [\zynq_axi_mem_intercon_1_imp_aut...]
Compiling architecture structure of entity xil_defaultlib.\zynq_axi_mem_intercon_1_imp_auto_pc_0_fifo_generator_v13_2_13__xdcDup__1\ [\zynq_axi_mem_intercon_1_imp_aut...]
Compiling architecture lut6_v of entity unisim.LUT6 [\LUT6(init="11111111111111111111...]
Compiling architecture structure of entity xil_defaultlib.\zynq_axi_mem_intercon_1_imp_auto_pc_0_axi_data_fifo_v2_1_35_fifo_gen__xdcDup__1\ [\zynq_axi_mem_intercon_1_imp_aut...]
Compiling architecture structure of entity xil_defaultlib.\zynq_axi_mem_intercon_1_imp_auto_pc_0_axi_data_fifo_v2_1_35_axic_fifo__xdcDup__1\ [\zynq_axi_mem_intercon_1_imp_aut...]
Compiling architecture lut6_v of entity unisim.LUT6 [\LUT6(init="01000100010001000100...]
Compiling architecture lut6_v of entity unisim.LUT6 [\LUT6(init="10001010101010001010...]
Compiling architecture lut4_v of entity unisim.LUT4 [\LUT4(init="0110111111110110")(0...]
Compiling architecture lut6_v of entity unisim.LUT6 [\LUT6(init="00000000000000000000...]
Compiling architecture lut6_v of entity unisim.LUT6 [\LUT6(init="11111111111111111111...]
Compiling architecture structure of entity xil_defaultlib.zynq_axi_mem_intercon_1_imp_auto_pc_0_rd_fwft [zynq_axi_mem_intercon_1_imp_auto...]
Compiling architecture structure of entity xil_defaultlib.zynq_axi_mem_intercon_1_imp_auto_pc_0_rd_status_flags_ss [zynq_axi_mem_intercon_1_imp_auto...]
Compiling architecture structure of entity xil_defaultlib.zynq_axi_mem_intercon_1_imp_auto_pc_0_rd_bin_cntr [zynq_axi_mem_intercon_1_imp_auto...]
Compiling architecture structure of entity xil_defaultlib.zynq_axi_mem_intercon_1_imp_auto_pc_0_rd_logic [zynq_axi_mem_intercon_1_imp_auto...]
Compiling architecture structure of entity xil_defaultlib.zynq_axi_mem_intercon_1_imp_auto_pc_0_wr_status_flags_ss [zynq_axi_mem_intercon_1_imp_auto...]
Compiling architecture structure of entity xil_defaultlib.zynq_axi_mem_intercon_1_imp_auto_pc_0_wr_bin_cntr [zynq_axi_mem_intercon_1_imp_auto...]
Compiling architecture structure of entity xil_defaultlib.zynq_axi_mem_intercon_1_imp_auto_pc_0_wr_logic [zynq_axi_mem_intercon_1_imp_auto...]
Compiling architecture structure of entity xil_defaultlib.zynq_axi_mem_intercon_1_imp_auto_pc_0_dmem [zynq_axi_mem_intercon_1_imp_auto...]
Compiling architecture structure of entity xil_defaultlib.zynq_axi_mem_intercon_1_imp_auto_pc_0_memory [zynq_axi_mem_intercon_1_imp_auto...]
Compiling architecture structure of entity xil_defaultlib.zynq_axi_mem_intercon_1_imp_auto_pc_0_xpm_cdc_async_rst [zynq_axi_mem_intercon_1_imp_auto...]
Compiling architecture structure of entity xil_defaultlib.zynq_axi_mem_intercon_1_imp_auto_pc_0_reset_blk_ramfifo [zynq_axi_mem_intercon_1_imp_auto...]
Compiling architecture structure of entity xil_defaultlib.zynq_axi_mem_intercon_1_imp_auto_pc_0_fifo_generator_ramfifo [zynq_axi_mem_intercon_1_imp_auto...]
Compiling architecture structure of entity xil_defaultlib.zynq_axi_mem_intercon_1_imp_auto_pc_0_fifo_generator_top [zynq_axi_mem_intercon_1_imp_auto...]
Compiling architecture structure of entity xil_defaultlib.zynq_axi_mem_intercon_1_imp_auto_pc_0_fifo_generator_v13_2_13_synth [zynq_axi_mem_intercon_1_imp_auto...]
Compiling architecture structure of entity xil_defaultlib.zynq_axi_mem_intercon_1_imp_auto_pc_0_fifo_generator_v13_2_13 [zynq_axi_mem_intercon_1_imp_auto...]
Compiling architecture lut4_v of entity unisim.LUT4 [\LUT4(init="0000000000000010")(0...]
Compiling architecture lut5_v of entity unisim.LUT5 [\LUT5(init="01000000010000000100...]
Compiling architecture lut4_v of entity unisim.LUT4 [\LUT4(init="1000100010001010")(0...]
Compiling architecture lut5_v of entity unisim.LUT5 [\LUT5(init="10000000100000001000...]
Compiling architecture structure of entity xil_defaultlib.zynq_axi_mem_intercon_1_imp_auto_pc_0_axi_data_fifo_v2_1_35_fifo_gen [zynq_axi_mem_intercon_1_imp_auto...]
Compiling architecture structure of entity xil_defaultlib.zynq_axi_mem_intercon_1_imp_auto_pc_0_axi_data_fifo_v2_1_35_axic_fifo [zynq_axi_mem_intercon_1_imp_auto...]
Compiling architecture lut5_v of entity unisim.LUT5 [\LUT5(init="11101010001010100010...]
Compiling architecture lut4_v of entity unisim.LUT4 [\LUT4(init="1111111111111110")(0...]
Compiling architecture lut6_v of entity unisim.LUT6 [\LUT6(init="11111000000010000000...]
Compiling architecture lut3_v of entity unisim.LUT3 [\LUT3(init="01101010")(0,7)\]
Compiling architecture lut4_v of entity unisim.LUT4 [\LUT4(init="0110101010101010")(0...]
Compiling architecture structure of entity xil_defaultlib.zynq_axi_mem_intercon_1_imp_auto_pc_0_axi_protocol_converter_v2_1_36_a_axi3_conv [zynq_axi_mem_intercon_1_imp_auto...]
Compiling architecture lut6_v of entity unisim.LUT6 [\LUT6(init="01000100000000000000...]
Compiling architecture lut3_v of entity unisim.LUT3 [\LUT3(init="00110010")(0,7)\]
Compiling architecture lut6_v of entity unisim.LUT6 [\LUT6(init="11111001111111111111...]
Compiling architecture lut4_v of entity unisim.LUT4 [\LUT4(init="1111100100001010")(0...]
Compiling architecture lut5_v of entity unisim.LUT5 [\LUT5(init="11111010111110010000...]
Compiling architecture lut6_v of entity unisim.LUT6 [\LUT6(init="01000100111110111111...]
Compiling architecture lut6_v of entity unisim.LUT6 [\LUT6(init="11001100110011000000...]
Compiling architecture lut6_v of entity unisim.LUT6 [\LUT6(init="00000000000000000010...]
Compiling architecture structure of entity xil_defaultlib.zynq_axi_mem_intercon_1_imp_auto_pc_0_axi_protocol_converter_v2_1_36_w_axi3_conv [zynq_axi_mem_intercon_1_imp_auto...]
Compiling architecture structure of entity xil_defaultlib.zynq_axi_mem_intercon_1_imp_auto_pc_0_axi_protocol_converter_v2_1_36_axi3_conv [zynq_axi_mem_intercon_1_imp_auto...]
Compiling architecture structure of entity xil_defaultlib.zynq_axi_mem_intercon_1_imp_auto_pc_0_axi_protocol_converter_v2_1_36_axi_protocol_converter [zynq_axi_mem_intercon_1_imp_auto...]
Compiling architecture structure of entity xil_defaultlib.zynq_axi_mem_intercon_1_imp_auto_pc_0 [zynq_axi_mem_intercon_1_imp_auto...]
Compiling architecture lut6_v of entity unisim.LUT6 [\LUT6(init="10110000000000001011...]
Compiling architecture lut4_v of entity unisim.LUT4 [\LUT4(init="1011101010001010")(0...]
Compiling architecture lut5_v of entity unisim.LUT5 [\LUT5(init="11111111111111110000...]
Compiling architecture lut6_v of entity unisim.LUT6 [\LUT6(init="00000000000000000000...]
Compiling architecture lut4_v of entity unisim.LUT4 [\LUT4(init="0010111101110000")(0...]
Compiling architecture lut5_v of entity unisim.LUT5 [\LUT5(init="10101100110011000101...]
Compiling architecture lut5_v of entity unisim.LUT5 [\LUT5(init="11111111111110101100...]
Compiling architecture lut5_v of entity unisim.LUT5 [\LUT5(init="11011000110100100111...]
Compiling architecture lut4_v of entity unisim.LUT4 [\LUT4(init="1111111111100010")(0...]
Compiling architecture lut6_v of entity unisim.LUT6 [\LUT6(init="11111111111111111111...]
Compiling architecture lut4_v of entity unisim.LUT4 [\LUT4(init="0011101010011010")(0...]
Compiling architecture lut5_v of entity unisim.LUT5 [\LUT5(init="01110000011100001111...]
Compiling architecture lut6_v of entity unisim.LUT6 [\LUT6(init="00110011001100111111...]
Compiling architecture lut4_v of entity unisim.LUT4 [\LUT4(init="1111111010101110")(0...]
Compiling architecture lut5_v of entity unisim.LUT5 [\LUT5(init="10101010101010101100...]
Compiling architecture lut5_v of entity unisim.LUT5 [\LUT5(init="11111111111010101110...]
Compiling architecture lut6_v of entity unisim.LUT6 [\LUT6(init="11111000100010001111...]
Compiling architecture lut6_v of entity unisim.LUT6 [\LUT6(init="00000000000000000000...]
Compiling architecture lut6_v of entity unisim.LUT6 [\LUT6(init="10101010101010101010...]
Compiling architecture lut6_v of entity unisim.LUT6 [\LUT6(init="11010000000000001101...]
Compiling architecture structure of entity xil_defaultlib.zynq_axi_mem_intercon_1_imp_auto_us_0_axi_dwidth_converter_v2_1_36_w_upsizer [zynq_axi_mem_intercon_1_imp_auto...]
Compiling architecture lut3_v of entity unisim.LUT3 [\LUT3(init="10001111")(0,7)\]
Compiling architecture lut6_v of entity unisim.LUT6 [\LUT6(init="10101010101010101010...]
Compiling architecture lut6_v of entity unisim.LUT6 [\LUT6(init="10101000000010000000...]
Compiling architecture lut6_v of entity unisim.LUT6 [\LUT6(init="01000000000000001111...]
Compiling architecture lut6_v of entity unisim.LUT6 [\LUT6(init="00000000000000000000...]
Compiling architecture lut4_v of entity unisim.LUT4 [\LUT4(init="1010101110101000")(0...]
Compiling architecture lut6_v of entity unisim.LUT6 [\LUT6(init="11111111111111111111...]
Compiling architecture lut6_v of entity unisim.LUT6 [\LUT6(init="10011001100110101001...]
Compiling architecture lut5_v of entity unisim.LUT5 [\LUT5(init="11111110000000100000...]
Compiling architecture lut6_v of entity unisim.LUT6 [\LUT6(init="00000000000000000000...]
Compiling architecture lut6_v of entity unisim.LUT6 [\LUT6(init="10011001100110011001...]
Compiling architecture lut5_v of entity unisim.LUT5 [\LUT5(init="10101001101010010110...]
Compiling architecture lut6_v of entity unisim.LUT6 [\LUT6(init="10101010101010100110...]
Compiling architecture lut6_v of entity unisim.LUT6 [\LUT6(init="01000100010001000100...]
Compiling architecture lut6_v of entity unisim.LUT6 [\LUT6(init="10101010011010101010...]
Compiling architecture lut6_v of entity unisim.LUT6 [\LUT6(init="11111111111111111111...]
Compiling architecture lut5_v of entity unisim.LUT5 [\LUT5(init="11111110000000100000...]
Compiling architecture lut6_v of entity unisim.LUT6 [\LUT6(init="10001000100010000000...]
Compiling architecture lut6_v of entity unisim.LUT6 [\LUT6(init="01010100010101110000...]
Compiling architecture lut6_v of entity unisim.LUT6 [\LUT6(init="01010110101001100000...]
Compiling architecture lut5_v of entity unisim.LUT5 [\LUT5(init="01010101010101111111...]
Compiling architecture lut6_v of entity unisim.LUT6 [\LUT6(init="10011010100101010110...]
Compiling architecture lut6_v of entity unisim.LUT6 [\LUT6(init="10110010101100101011...]
Compiling architecture lut6_v of entity unisim.LUT6 [\LUT6(init="11110101101000001101...]
Compiling architecture lut6_v of entity unisim.LUT6 [\LUT6(init="00000000111111111111...]
Compiling architecture lut5_v of entity unisim.LUT5 [\LUT5(init="00000000000000001000...]
Compiling architecture lut4_v of entity unisim.LUT4 [\LUT4(init="1000000011111111")(0...]
Compiling architecture lut6_v of entity unisim.LUT6 [\LUT6(init="00010000000000000000...]
Compiling architecture lut5_v of entity unisim.LUT5 [\LUT5(init="11111111111111101010...]
Compiling architecture lut6_v of entity unisim.LUT6 [\LUT6(init="01000000000000000000...]
Compiling architecture lut6_v of entity unisim.LUT6 [\LUT6(init="01000101000000000101...]
Compiling architecture lut5_v of entity unisim.LUT5 [\LUT5(init="00001000100000000000...]
Compiling architecture lut4_v of entity unisim.LUT4 [\LUT4(init="0101010001010111")(0...]
Compiling architecture lut4_v of entity unisim.LUT4 [\LUT4(init="0001000100000001")(0...]
Compiling architecture lut6_v of entity unisim.LUT6 [\LUT6(init="01010101010101111111...]
Compiling architecture lut5_v of entity unisim.LUT5 [\LUT5(init="00000000000000000000...]
Compiling architecture lut3_v of entity unisim.LUT3 [\LUT3(init="00001101")(0,7)\]
Compiling architecture lut5_v of entity unisim.LUT5 [\LUT5(init="11110010111111110000...]
Compiling architecture lut4_v of entity unisim.LUT4 [\LUT4(init="0111011111110111")(0...]
Compiling architecture lut5_v of entity unisim.LUT5 [\LUT5(init="11111111011111111111...]
Compiling architecture structure of entity xil_defaultlib.zynq_axi_mem_intercon_1_imp_auto_us_0_generic_baseblocks_v2_1_2_command_fifo [zynq_axi_mem_intercon_1_imp_auto...]
Compiling architecture structure of entity xil_defaultlib.zynq_axi_mem_intercon_1_imp_auto_us_0_axi_dwidth_converter_v2_1_36_a_upsizer [zynq_axi_mem_intercon_1_imp_auto...]
Compiling architecture lut6_v of entity unisim.LUT6 [\LUT6(init="11111111111111111111...]
Compiling architecture lut6_v of entity unisim.LUT6 [\LUT6(init="00000000100010100000...]
Compiling architecture lut6_v of entity unisim.LUT6 [\LUT6(init="11000000100000000011...]
Compiling architecture lut4_v of entity unisim.LUT4 [\LUT4(init="0110010100010010")(0...]
Compiling architecture lut6_v of entity unisim.LUT6 [\LUT6(init="01000100110001000000...]
Compiling architecture lut5_v of entity unisim.LUT5 [\LUT5(init="00000000000000000000...]
Compiling architecture lut4_v of entity unisim.LUT4 [\LUT4(init="0000000000011110")(0...]
Compiling architecture lut6_v of entity unisim.LUT6 [\LUT6(init="11111111111111111111...]
Compiling architecture lut6_v of entity unisim.LUT6 [\LUT6(init="00000000000000000000...]
Compiling architecture lut5_v of entity unisim.LUT5 [\LUT5(init="00000000000000000000...]
Compiling architecture lut6_v of entity unisim.LUT6 [\LUT6(init="10001000100010001000...]
Compiling architecture lut5_v of entity unisim.LUT5 [\LUT5(init="00001011000000001111...]
Compiling architecture lut5_v of entity unisim.LUT5 [\LUT5(init="10101010101010101010...]
Compiling architecture lut5_v of entity unisim.LUT5 [\LUT5(init="11111111000000000000...]
Compiling architecture lut6_v of entity unisim.LUT6 [\LUT6(init="00000100000001000000...]
Compiling architecture lut3_v of entity unisim.LUT3 [\LUT3(init="11111011")(0,7)\]
Compiling architecture lut6_v of entity unisim.LUT6 [\LUT6(init="01010101010101010101...]
Compiling architecture lut6_v of entity unisim.LUT6 [\LUT6(init="11111111111111111111...]
Compiling architecture lut6_v of entity unisim.LUT6 [\LUT6(init="01010101010101011010...]
Compiling architecture lut5_v of entity unisim.LUT5 [\LUT5(init="00010001000100000000...]
Compiling architecture lut4_v of entity unisim.LUT4 [\LUT4(init="1001101010101010")(0...]
Compiling architecture lut6_v of entity unisim.LUT6 [\LUT6(init="10100010101000101000...]
Compiling architecture lut5_v of entity unisim.LUT5 [\LUT5(init="01101010101010101010...]
Compiling architecture lut6_v of entity unisim.LUT6 [\LUT6(init="00000000000000001010...]
Compiling architecture lut6_v of entity unisim.LUT6 [\LUT6(init="00000000000000000000...]
Compiling architecture lut5_v of entity unisim.LUT5 [\LUT5(init="11111111111111111111...]
Compiling architecture lut5_v of entity unisim.LUT5 [\LUT5(init="01010101010101010101...]
Compiling architecture lut6_v of entity unisim.LUT6 [\LUT6(init="11111111111111101111...]
Compiling architecture lut3_v of entity unisim.LUT3 [\LUT3(init="11110010")(0,7)\]
Compiling architecture lut3_v of entity unisim.LUT3 [\LUT3(init="11010000")(0,7)\]
Compiling architecture lut6_v of entity unisim.LUT6 [\LUT6(init="01010110010101100101...]
Compiling architecture lut5_v of entity unisim.LUT5 [\LUT5(init="00100010110100101101...]
Compiling architecture lut6_v of entity unisim.LUT6 [\LUT6(init="00000000011101000000...]
Compiling architecture lut5_v of entity unisim.LUT5 [\LUT5(init="11111111111101011111...]
Compiling architecture lut5_v of entity unisim.LUT5 [\LUT5(init="00010101000000000001...]
Compiling architecture lut6_v of entity unisim.LUT6 [\LUT6(init="00000000111111110000...]
Compiling architecture lut6_v of entity unisim.LUT6 [\LUT6(init="11111111110111110000...]
Compiling architecture lut3_v of entity unisim.LUT3 [\LUT3(init="00001110")(0,7)\]
Compiling architecture lut6_v of entity unisim.LUT6 [\LUT6(init="00001010000010100000...]
Compiling architecture lut3_v of entity unisim.LUT3 [\LUT3(init="00000100")(0,7)\]
Compiling architecture lut6_v of entity unisim.LUT6 [\LUT6(init="11101111111011111110...]
Compiling architecture lut3_v of entity unisim.LUT3 [\LUT3(init="10001011")(0,7)\]
Compiling architecture lut5_v of entity unisim.LUT5 [\LUT5(init="11111111111111111111...]
Compiling architecture lut4_v of entity unisim.LUT4 [\LUT4(init="0101010000000000")(0...]
Compiling architecture lut6_v of entity unisim.LUT6 [\LUT6(init="00011111000100010001...]
Compiling architecture lut6_v of entity unisim.LUT6 [\LUT6(init="11011111110111111101...]
Compiling architecture lut6_v of entity unisim.LUT6 [\LUT6(init="01010101010101011111...]
Compiling architecture lut5_v of entity unisim.LUT5 [\LUT5(init="00100010001010101010...]
Compiling architecture structure of entity xil_defaultlib.zynq_axi_mem_intercon_1_imp_auto_us_0_axi_register_slice_v2_1_35_axic_register_slice [zynq_axi_mem_intercon_1_imp_auto...]
Compiling architecture structure of entity xil_defaultlib.zynq_axi_mem_intercon_1_imp_auto_us_0_axi_register_slice_v2_1_35_axi_register_slice [zynq_axi_mem_intercon_1_imp_auto...]
Compiling architecture structure of entity xil_defaultlib.zynq_axi_mem_intercon_1_imp_auto_us_0_axi_dwidth_converter_v2_1_36_axi_upsizer [zynq_axi_mem_intercon_1_imp_auto...]
Compiling architecture structure of entity xil_defaultlib.zynq_axi_mem_intercon_1_imp_auto_us_0_axi_dwidth_converter_v2_1_36_top [zynq_axi_mem_intercon_1_imp_auto...]
Compiling architecture structure of entity xil_defaultlib.zynq_axi_mem_intercon_1_imp_auto_us_0 [zynq_axi_mem_intercon_1_imp_auto...]
Compiling architecture structure of entity xil_defaultlib.s00_couplers_imp_2VDYHU [s00_couplers_imp_2vdyhu_default]
Compiling architecture structure of entity xil_defaultlib.zynq_axi_mem_intercon_1_0 [zynq_axi_mem_intercon_1_0_defaul...]
Compiling architecture srl16e_v of entity unisim.SRL16E [\SRL16E(init="1111111111111111")...]
Compiling architecture srl16_v of entity unisim.SRL16 [\SRL16(init="1111111111111111")(...]
Compiling module xpm.xpm_cdc_single(DEST_SYNC_FF=4,IN...
Compiling architecture imp of entity proc_sys_reset_v5_0_17.lpf [\lpf(c_ext_rst_width=4,c_aux_rst...]
Compiling architecture imp of entity proc_sys_reset_v5_0_17.upcnt_n [\upcnt_n(c_size=6)\]
Compiling architecture imp of entity proc_sys_reset_v5_0_17.sequence_psr [sequence_psr_default]
Compiling architecture imp of entity proc_sys_reset_v5_0_17.proc_sys_reset [\proc_sys_reset(c_family="zynq",...]
Compiling architecture zynq_proc_sys_reset_0_0_arch of entity xil_defaultlib.zynq_proc_sys_reset_0_0 [zynq_proc_sys_reset_0_0_default]
Compiling architecture vcc_v of entity unisim.VCC [vcc_default]
Compiling architecture bibuf_v of entity unisim.BIBUF [bibuf_default]
Compiling architecture ps7_v of entity unisim.PS7 [\PS7:top:zynq:zynq_i:processing_...]
Compiling architecture bufg_v of entity unisim.BUFG [bufg_default]
Compiling architecture structure of entity xil_defaultlib.zynq_processing_system7_0_0_processing_system7_v5_5_processing_system7 [\zynq_processing_system7_0_0_pro...]
Compiling architecture structure of entity xil_defaultlib.zynq_processing_system7_0_0 [\zynq_processing_system7_0_0:top...]
Compiling architecture lut5_v of entity unisim.LUT5 [\LUT5(init="01010101010101010111...]
Compiling architecture lut5_v of entity unisim.LUT5 [\LUT5(init="00000000111111110100...]
Compiling architecture lut4_v of entity unisim.LUT4 [\LUT4(init="1110101010101010")(0...]
Compiling architecture lut6_v of entity unisim.LUT6 [\LUT6(init="10101010111010101010...]
Compiling architecture lut6_v of entity unisim.LUT6 [\LUT6(init="10111010101010101011...]
Compiling architecture lut6_v of entity unisim.LUT6 [\LUT6(init="10111010101010101000...]
Compiling architecture lut6_v of entity unisim.LUT6 [\LUT6(init="10101010101010101010...]
Compiling architecture lut6_v of entity unisim.LUT6 [\LUT6(init="01000100111101000100...]
Compiling architecture lut4_v of entity unisim.LUT4 [\LUT4(init="1011111111111111")(0...]
Compiling architecture lut4_v of entity unisim.LUT4 [\LUT4(init="0111111111111111")(0...]
Compiling architecture lut3_v of entity unisim.LUT3 [\LUT3(init="10111111")(0,7)\]
Compiling architecture lut4_v of entity unisim.LUT4 [\LUT4(init="1010000011000000")(0...]
Compiling architecture lut5_v of entity unisim.LUT5 [\LUT5(init="00000000000000001100...]
Compiling architecture lut5_v of entity unisim.LUT5 [\LUT5(init="11111111111000001111...]
Compiling architecture lut5_v of entity unisim.LUT5 [\LUT5(init="00011111111111110001...]
Compiling architecture lut6_v of entity unisim.LUT6 [\LUT6(init="11111111111111111111...]
Compiling architecture lut6_v of entity unisim.LUT6 [\LUT6(init="11001111111111111111...]
Compiling architecture lut6_v of entity unisim.LUT6 [\LUT6(init="00111000001100110011...]
Compiling architecture lut5_v of entity unisim.LUT5 [\LUT5(init="00111100110011001010...]
Compiling architecture lut6_v of entity unisim.LUT6 [\LUT6(init="01011001101010011010...]
Compiling architecture lut4_v of entity unisim.LUT4 [\LUT4(init="1010011010101010")(0...]
Compiling architecture lut6_v of entity unisim.LUT6 [\LUT6(init="01110111001000100111...]
Compiling architecture lut6_v of entity unisim.LUT6 [\LUT6(init="10001000101110111000...]
Compiling architecture lut6_v of entity unisim.LUT6 [\LUT6(init="10111011100010001011...]
Compiling architecture lut6_v of entity unisim.LUT6 [\LUT6(init="10111011101110111000...]
Compiling architecture lut6_v of entity unisim.LUT6 [\LUT6(init="11111111111111111111...]
Compiling architecture structure of entity xil_defaultlib.zynq_ps7_0_axi_periph_imp_auto_pc_0_axi_protocol_converter_v2_1_36_b2s_rd_cmd_fsm [zynq_ps7_0_axi_periph_imp_auto_p...]
Compiling architecture lut5_v of entity unisim.LUT5 [\LUT5(init="00000000000010001000...]
Compiling architecture lut6_v of entity unisim.LUT6 [\LUT6(init="00000001000000100000...]
Compiling architecture lut6_v of entity unisim.LUT6 [\LUT6(init="01101010101010101010...]
Compiling architecture lut6_v of entity unisim.LUT6 [\LUT6(init="00011010001010100010...]
Compiling architecture lut6_v of entity unisim.LUT6 [\LUT6(init="00010010001000100010...]
Compiling architecture lut5_v of entity unisim.LUT5 [\LUT5(init="01000100111101000100...]
Compiling architecture lut5_v of entity unisim.LUT5 [\LUT5(init="11110100010011110100...]
Compiling architecture lut6_v of entity unisim.LUT6 [\LUT6(init="11110100111101001111...]
Compiling architecture lut6_v of entity unisim.LUT6 [\LUT6(init="11101110111011101110...]
Compiling architecture lut5_v of entity unisim.LUT5 [\LUT5(init="10101010101010101010...]
Compiling architecture lut6_v of entity unisim.LUT6 [\LUT6(init="10101010101010101010...]
Compiling architecture lut5_v of entity unisim.LUT5 [\LUT5(init="10101010101010101010...]
Compiling architecture lut6_v of entity unisim.LUT6 [\LUT6(init="10101010101010101010...]
Compiling architecture lut5_v of entity unisim.LUT5 [\LUT5(init="11111111111111111000...]
Compiling architecture lut5_v of entity unisim.LUT5 [\LUT5(init="10101010101010001010...]
Compiling architecture structure of entity xil_defaultlib.zynq_ps7_0_axi_periph_imp_auto_pc_0_axi_protocol_converter_v2_1_36_b2s_incr_cmd_2 [zynq_ps7_0_axi_periph_imp_auto_p...]
Compiling architecture lut4_v of entity unisim.LUT4 [\LUT4(init="0000000000001001")(0...]
Compiling architecture lut6_v of entity unisim.LUT6 [\LUT6(init="01101111111101101111...]
Compiling architecture lut6_v of entity unisim.LUT6 [\LUT6(init="11101010111010101110...]
Compiling architecture lut5_v of entity unisim.LUT5 [\LUT5(init="10101010101010101010...]
Compiling architecture lut6_v of entity unisim.LUT6 [\LUT6(init="10101010101010101010...]
Compiling architecture lut4_v of entity unisim.LUT4 [\LUT4(init="1111111110101100")(0...]
Compiling architecture lut4_v of entity unisim.LUT4 [\LUT4(init="1111101100001000")(0...]
Compiling architecture structure of entity xil_defaultlib.zynq_ps7_0_axi_periph_imp_auto_pc_0_axi_protocol_converter_v2_1_36_b2s_wrap_cmd_3 [zynq_ps7_0_axi_periph_imp_auto_p...]
Compiling architecture structure of entity xil_defaultlib.zynq_ps7_0_axi_periph_imp_auto_pc_0_axi_protocol_converter_v2_1_36_b2s_cmd_translator_1 [zynq_ps7_0_axi_periph_imp_auto_p...]
Compiling architecture structure of entity xil_defaultlib.zynq_ps7_0_axi_periph_imp_auto_pc_0_axi_protocol_converter_v2_1_36_b2s_ar_channel [zynq_ps7_0_axi_periph_imp_auto_p...]
Compiling architecture lut5_v of entity unisim.LUT5 [\LUT5(init="00001000100010001000...]
Compiling architecture lut4_v of entity unisim.LUT4 [\LUT4(init="1101001000101101")(0...]
Compiling architecture lut6_v of entity unisim.LUT6 [\LUT6(init="10111111111111110100...]
Compiling architecture lut6_v of entity unisim.LUT6 [\LUT6(init="10011010101010101010...]
Compiling architecture lut3_v of entity unisim.LUT3 [\LUT3(init="01001111")(0,7)\]
Compiling architecture lut5_v of entity unisim.LUT5 [\LUT5(init="10010001111111111111...]
Compiling architecture lut6_v of entity unisim.LUT6 [\LUT6(init="11111111111111111111...]
Compiling architecture lut6_v of entity unisim.LUT6 [\LUT6(init="10000010000000101010...]
Compiling architecture structure of entity xil_defaultlib.\zynq_ps7_0_axi_periph_imp_auto_pc_0_axi_protocol_converter_v2_1_36_b2s_simple_fifo__parameterized1\ [\zynq_ps7_0_axi_periph_imp_auto_...]
Compiling architecture lut6_v of entity unisim.LUT6 [\LUT6(init="10101010111010101110...]
Compiling architecture lut5_v of entity unisim.LUT5 [\LUT5(init="10100110101010101010...]
Compiling architecture lut6_v of entity unisim.LUT6 [\LUT6(init="11110111111111111110...]
Compiling architecture lut5_v of entity unisim.LUT5 [\LUT5(init="10000000000000000000...]
Compiling architecture structure of entity xil_defaultlib.\zynq_ps7_0_axi_periph_imp_auto_pc_0_axi_protocol_converter_v2_1_36_b2s_simple_fifo__parameterized2\ [\zynq_ps7_0_axi_periph_imp_auto_...]
Compiling architecture structure of entity xil_defaultlib.zynq_ps7_0_axi_periph_imp_auto_pc_0_axi_protocol_converter_v2_1_36_b2s_r_channel [zynq_ps7_0_axi_periph_imp_auto_p...]
Compiling architecture lut3_v of entity unisim.LUT3 [\LUT3(init="10100110")(0,7)\]
Compiling architecture lut3_v of entity unisim.LUT3 [\LUT3(init="10101001")(0,7)\]
Compiling architecture lut3_v of entity unisim.LUT3 [\LUT3(init="00101010")(0,7)\]
Compiling architecture lut6_v of entity unisim.LUT6 [\LUT6(init="11001100101010101111...]
Compiling architecture lut5_v of entity unisim.LUT5 [\LUT5(init="00110000100000000000...]
Compiling architecture lut5_v of entity unisim.LUT5 [\LUT5(init="11000000000000000000...]
Compiling architecture lut5_v of entity unisim.LUT5 [\LUT5(init="11000000000000001000...]
Compiling architecture lut5_v of entity unisim.LUT5 [\LUT5(init="11111111001111111111...]
Compiling architecture lut6_v of entity unisim.LUT6 [\LUT6(init="01010101001100110000...]
Compiling architecture lut6_v of entity unisim.LUT6 [\LUT6(init="11001010110010101111...]
Compiling architecture lut6_v of entity unisim.LUT6 [\LUT6(init="11111111111111110000...]
Compiling architecture lut5_v of entity unisim.LUT5 [\LUT5(init="00000000000000001111...]
Compiling architecture lut4_v of entity unisim.LUT4 [\LUT4(init="1010100010101010")(0...]
Compiling architecture lut5_v of entity unisim.LUT5 [\LUT5(init="11011101110011110000...]
Compiling architecture lut6_v of entity unisim.LUT6 [\LUT6(init="10100000101000000010...]
Compiling architecture lut6_v of entity unisim.LUT6 [\LUT6(init="11111111111111111111...]
Compiling architecture lut5_v of entity unisim.LUT5 [\LUT5(init="00110000010100000000...]
Compiling architecture lut6_v of entity unisim.LUT6 [\LUT6(init="00000000000010100010...]
Compiling architecture lut5_v of entity unisim.LUT5 [\LUT5(init="01000100110011000000...]
Compiling architecture lut4_v of entity unisim.LUT4 [\LUT4(init="0010101010101010")(0...]
Compiling architecture lut5_v of entity unisim.LUT5 [\LUT5(init="00000000000000000100...]
Compiling architecture structure of entity xil_defaultlib.zynq_ps7_0_axi_periph_imp_auto_pc_0_axi_register_slice_v2_1_35_axic_register_slice [zynq_ps7_0_axi_periph_imp_auto_p...]
Compiling architecture lut6_v of entity unisim.LUT6 [\LUT6(init="00110011010101010000...]
Compiling architecture lut4_v of entity unisim.LUT4 [\LUT4(init="1111010011111111")(0...]
Compiling architecture lut4_v of entity unisim.LUT4 [\LUT4(init="1011111110111011")(0...]
Compiling architecture lut6_v of entity unisim.LUT6 [\LUT6(init="11111111111111111111...]
Compiling architecture lut5_v of entity unisim.LUT5 [\LUT5(init="00000000001100000000...]
Compiling architecture lut5_v of entity unisim.LUT5 [\LUT5(init="01110011011111110000...]
Compiling architecture lut5_v of entity unisim.LUT5 [\LUT5(init="00000000000000000010...]
Compiling architecture structure of entity xil_defaultlib.zynq_ps7_0_axi_periph_imp_auto_pc_0_axi_register_slice_v2_1_35_axic_register_slice_0 [zynq_ps7_0_axi_periph_imp_auto_p...]
Compiling architecture structure of entity xil_defaultlib.\zynq_ps7_0_axi_periph_imp_auto_pc_0_axi_register_slice_v2_1_35_axic_register_slice__parameterized1\ [\zynq_ps7_0_axi_periph_imp_auto_...]
Compiling architecture lut4_v of entity unisim.LUT4 [\LUT4(init="0100111111111111")(0...]
Compiling architecture lut4_v of entity unisim.LUT4 [\LUT4(init="1111100011111111")(0...]
Compiling architecture structure of entity xil_defaultlib.\zynq_ps7_0_axi_periph_imp_auto_pc_0_axi_register_slice_v2_1_35_axic_register_slice__parameterized2\ [\zynq_ps7_0_axi_periph_imp_auto_...]
Compiling architecture structure of entity xil_defaultlib.zynq_ps7_0_axi_periph_imp_auto_pc_0_axi_register_slice_v2_1_35_axi_register_slice [zynq_ps7_0_axi_periph_imp_auto_p...]
Compiling architecture lut6_v of entity unisim.LUT6 [\LUT6(init="01110111001101111111...]
Compiling architecture lut5_v of entity unisim.LUT5 [\LUT5(init="10101100111100001111...]
Compiling architecture lut6_v of entity unisim.LUT6 [\LUT6(init="10101110101010101010...]
Compiling architecture lut6_v of entity unisim.LUT6 [\LUT6(init="10101110101010101010...]
Compiling architecture lut6_v of entity unisim.LUT6 [\LUT6(init="10101110101010101010...]
Compiling architecture lut6_v of entity unisim.LUT6 [\LUT6(init="10101010101010100011...]
Compiling architecture lut4_v of entity unisim.LUT4 [\LUT4(init="0101000111111111")(0...]
Compiling architecture lut4_v of entity unisim.LUT4 [\LUT4(init="1011101110101011")(0...]
Compiling architecture lut4_v of entity unisim.LUT4 [\LUT4(init="1111111101100100")(0...]
Compiling architecture lut3_v of entity unisim.LUT3 [\LUT3(init="11011111")(0,7)\]
Compiling architecture lut6_v of entity unisim.LUT6 [\LUT6(init="00000011100000110000...]
Compiling architecture lut3_v of entity unisim.LUT3 [\LUT3(init="11110100")(0,7)\]
Compiling architecture lut6_v of entity unisim.LUT6 [\LUT6(init="11101111111011111100...]
Compiling architecture lut6_v of entity unisim.LUT6 [\LUT6(init="10101010101010101110...]
Compiling architecture lut6_v of entity unisim.LUT6 [\LUT6(init="00000000000000000000...]
Compiling architecture lut6_v of entity unisim.LUT6 [\LUT6(init="11111111111111111111...]
Compiling architecture lut6_v of entity unisim.LUT6 [\LUT6(init="11111111111111111111...]
Compiling architecture lut6_v of entity unisim.LUT6 [\LUT6(init="11001100111011001111...]
Compiling architecture lut3_v of entity unisim.LUT3 [\LUT3(init="00100000")(0,7)\]
Compiling architecture lut6_v of entity unisim.LUT6 [\LUT6(init="00110011100000110011...]
Compiling architecture structure of entity xil_defaultlib.zynq_ps7_0_axi_periph_imp_auto_pc_0_axi_protocol_converter_v2_1_36_b2s_wr_cmd_fsm [zynq_ps7_0_axi_periph_imp_auto_p...]
Compiling architecture lut4_v of entity unisim.LUT4 [\LUT4(init="0000000100000010")(0...]
Compiling architecture lut4_v of entity unisim.LUT4 [\LUT4(init="0001101000101010")(0...]
Compiling architecture lut4_v of entity unisim.LUT4 [\LUT4(init="0001001000100010")(0...]
Compiling architecture lut6_v of entity unisim.LUT6 [\LUT6(init="01000100010001001111...]
Compiling architecture lut5_v of entity unisim.LUT5 [\LUT5(init="01001111111101000100...]
Compiling architecture lut6_v of entity unisim.LUT6 [\LUT6(init="10001000100010001000...]
Compiling architecture lut4_v of entity unisim.LUT4 [\LUT4(init="1000100010000010")(0...]
Compiling architecture lut5_v of entity unisim.LUT5 [\LUT5(init="10001000100010001000...]
Compiling architecture structure of entity xil_defaultlib.zynq_ps7_0_axi_periph_imp_auto_pc_0_axi_protocol_converter_v2_1_36_b2s_incr_cmd [zynq_ps7_0_axi_periph_imp_auto_p...]
Compiling architecture lut5_v of entity unisim.LUT5 [\LUT5(init="00111000111111110011...]
Compiling architecture structure of entity xil_defaultlib.zynq_ps7_0_axi_periph_imp_auto_pc_0_axi_protocol_converter_v2_1_36_b2s_wrap_cmd [zynq_ps7_0_axi_periph_imp_auto_p...]
Compiling architecture structure of entity xil_defaultlib.zynq_ps7_0_axi_periph_imp_auto_pc_0_axi_protocol_converter_v2_1_36_b2s_cmd_translator [zynq_ps7_0_axi_periph_imp_auto_p...]
Compiling architecture structure of entity xil_defaultlib.zynq_ps7_0_axi_periph_imp_auto_pc_0_axi_protocol_converter_v2_1_36_b2s_aw_channel [zynq_ps7_0_axi_periph_imp_auto_p...]
Compiling architecture lut3_v of entity unisim.LUT3 [\LUT3(init="10010110")(0,7)\]
Compiling architecture lut4_v of entity unisim.LUT4 [\LUT4(init="1101101100100100")(0...]
Compiling architecture lut6_v of entity unisim.LUT6 [\LUT6(init="00000000000000000000...]
Compiling architecture lut6_v of entity unisim.LUT6 [\LUT6(init="11101111111111101111...]
Compiling architecture lut5_v of entity unisim.LUT5 [\LUT5(init="11111111111111111111...]
Compiling architecture srl16e_v of entity unisim.SRL16E [\SRL16E(0,15)\]
Compiling architecture lut6_v of entity unisim.LUT6 [\LUT6(init="00000000000000000000...]
Compiling architecture lut6_v of entity unisim.LUT6 [\LUT6(init="11011101000011010000...]
Compiling architecture lut4_v of entity unisim.LUT4 [\LUT4(init="1111111111111000")(0...]
Compiling architecture lut6_v of entity unisim.LUT6 [\LUT6(init="00101111111100100010...]
Compiling architecture structure of entity xil_defaultlib.zynq_ps7_0_axi_periph_imp_auto_pc_0_axi_protocol_converter_v2_1_36_b2s_simple_fifo [zynq_ps7_0_axi_periph_imp_auto_p...]
Compiling architecture lut6_v of entity unisim.LUT6 [\LUT6(init="00000000000000000000...]
Compiling architecture structure of entity xil_defaultlib.\zynq_ps7_0_axi_periph_imp_auto_pc_0_axi_protocol_converter_v2_1_36_b2s_simple_fifo__parameterized0\ [\zynq_ps7_0_axi_periph_imp_auto_...]
Compiling architecture lut6_v of entity unisim.LUT6 [\LUT6(init="00000000000000000000...]
Compiling architecture lut4_v of entity unisim.LUT4 [\LUT4(init="0000000011101010")(0...]
Compiling architecture structure of entity xil_defaultlib.zynq_ps7_0_axi_periph_imp_auto_pc_0_axi_protocol_converter_v2_1_36_b2s_b_channel [zynq_ps7_0_axi_periph_imp_auto_p...]
Compiling architecture structure of entity xil_defaultlib.zynq_ps7_0_axi_periph_imp_auto_pc_0_axi_protocol_converter_v2_1_36_b2s [zynq_ps7_0_axi_periph_imp_auto_p...]
Compiling architecture structure of entity xil_defaultlib.zynq_ps7_0_axi_periph_imp_auto_pc_0_axi_protocol_converter_v2_1_36_axi_protocol_converter [zynq_ps7_0_axi_periph_imp_auto_p...]
Compiling architecture structure of entity xil_defaultlib.zynq_ps7_0_axi_periph_imp_auto_pc_0 [zynq_ps7_0_axi_periph_imp_auto_p...]
Compiling architecture structure of entity xil_defaultlib.s00_couplers_imp_15A5WQ8 [s00_couplers_imp_15a5wq8_default]
Compiling architecture structure of entity xil_defaultlib.zynq_ps7_0_axi_periph_0 [zynq_ps7_0_axi_periph_0_default]
Compiling architecture structure of entity xil_defaultlib.zynq [\zynq:top:zynq:zynq_i:\]
Compiling architecture structure of entity xil_defaultlib.zynq_wrapper [\zynq_wrapper:top:zynq:\]
Compiling architecture arch of entity xil_defaultlib.top
Built simulation snapshot top_behav
