Vivado Simulator v2025.1.0
Copyright 1986-2022 Xilinx, Inc. All Rights Reserved.
Copyright 2022-2025 Advanced Micro Devices, Inc. All Rights Reserved.
Running: C:/Xilinx/2025.1/Vivado/bin/unwrapped/win64.o/xelab.exe --incr --debug typical --relax --mt 2 -L xil_defaultlib -L unisims_ver -L unimacro_ver -L secureip -L xpm --snapshot code_barre_tb_behav xil_defaultlib.code_barre_tb xil_defaultlib.glbl -log elaborate.log 
Using 2 slave threads.
Starting static elaboration
Pass Through NonSizing Optimizer
Completed static elaboration
Starting simulation data flow analysis
Completed simulation data flow analysis
Time Resolution for simulation is 1ps
Compiling package std.standard
Compiling package std.textio
Compiling package ieee.std_logic_1164
Compiling package ieee.numeric_std
Compiling package ieee.math_real
Compiling package std.env
Compiling package xil_defaultlib.utilitaires_inf3500_pkg
Compiling module xil_defaultlib.glbl
Compiling architecture arch of entity xil_defaultlib.code_barre [\code_barre(n=8)\]
Compiling architecture arch of entity xil_defaultlib.code_barre_tb
Built simulation snapshot code_barre_tb_behav
