Time resolution is 1 ps
Error: Erreur secteur incorrecte pour k=6
Time: 70 ns  Iteration: 0  Process: /code_barre_tb/line__98  File: C:/Users/yogio/OneDrive/Desktop/INF3500/labo-1-beaurel-2164587_2393842/src/code_barre_tb.vhd
Error: Erreur secteur incorrecte pour k=14
Time: 150 ns  Iteration: 0  Process: /code_barre_tb/line__98  File: C:/Users/yogio/OneDrive/Desktop/INF3500/labo-1-beaurel-2164587_2393842/src/code_barre_tb.vhd
Error: Erreur secteur incorrecte pour k=22
Time: 230 ns  Iteration: 0  Process: /code_barre_tb/line__98  File: C:/Users/yogio/OneDrive/Desktop/INF3500/labo-1-beaurel-2164587_2393842/src/code_barre_tb.vhd
Error: Erreur secteur incorrecte pour k=24
Time: 250 ns  Iteration: 0  Process: /code_barre_tb/line__98  File: C:/Users/yogio/OneDrive/Desktop/INF3500/labo-1-beaurel-2164587_2393842/src/code_barre_tb.vhd
Error: Erreur secteur incorrecte pour k=25
Time: 260 ns  Iteration: 0  Process: /code_barre_tb/line__98  File: C:/Users/yogio/OneDrive/Desktop/INF3500/labo-1-beaurel-2164587_2393842/src/code_barre_tb.vhd
Error: Erreur secteur incorrecte pour k=26
Time: 270 ns  Iteration: 0  Process: /code_barre_tb/line__98  File: C:/Users/yogio/OneDrive/Desktop/INF3500/labo-1-beaurel-2164587_2393842/src/code_barre_tb.vhd
Error: Erreur secteur incorrecte pour k=30
Time: 310 ns  Iteration: 0  Process: /code_barre_tb/line__98  File: C:/Users/yogio/OneDrive/Desktop/INF3500/labo-1-beaurel-2164587_2393842/src/code_barre_tb.vhd
Error: Erreur secteur incorrecte pour k=38
Time: 390 ns  Iteration: 0  Process: /code_barre_tb/line__98  File: C:/Users/yogio/OneDrive/Desktop/INF3500/labo-1-beaurel-2164587_2393842/src/code_barre_tb.vhd
Error: Erreur secteur incorrecte pour k=46
Time: 470 ns  Iteration: 0  Process: /code_barre_tb/line__98  File: C:/Users/yogio/OneDrive/Desktop/INF3500/labo-1-beaurel-2164587_2393842/src/code_barre_tb.vhd
Error: Erreur secteur incorrecte pour k=54
Time: 550 ns  Iteration: 0  Process: /code_barre_tb/line__98  File: C:/Users/yogio/OneDrive/Desktop/INF3500/labo-1-beaurel-2164587_2393842/src/code_barre_tb.vhd
Error: Erreur secteur incorrecte pour k=56
Time: 570 ns  Iteration: 0  Process: /code_barre_tb/line__98  File: C:/Users/yogio/OneDrive/Desktop/INF3500/labo-1-beaurel-2164587_2393842/src/code_barre_tb.vhd
Error: Erreur secteur incorrecte pour k=57
Time: 580 ns  Iteration: 0  Process: /code_barre_tb/line__98  File: C:/Users/yogio/OneDrive/Desktop/INF3500/labo-1-beaurel-2164587_2393842/src/code_barre_tb.vhd
Error: Erreur secteur incorrecte pour k=58
Time: 590 ns  Iteration: 0  Process: /code_barre_tb/line__98  File: C:/Users/yogio/OneDrive/Desktop/INF3500/labo-1-beaurel-2164587_2393842/src/code_barre_tb.vhd
Error: Erreur secteur incorrecte pour k=62
Time: 630 ns  Iteration: 0  Process: /code_barre_tb/line__98  File: C:/Users/yogio/OneDrive/Desktop/INF3500/labo-1-beaurel-2164587_2393842/src/code_barre_tb.vhd
Error: Erreur secteur incorrecte pour k=70
Time: 710 ns  Iteration: 0  Process: /code_barre_tb/line__98  File: C:/Users/yogio/OneDrive/Desktop/INF3500/labo-1-beaurel-2164587_2393842/src/code_barre_tb.vhd
Error: Erreur secteur incorrecte pour k=78
Time: 790 ns  Iteration: 0  Process: /code_barre_tb/line__98  File: C:/Users/yogio/OneDrive/Desktop/INF3500/labo-1-beaurel-2164587_2393842/src/code_barre_tb.vhd
Error: Erreur secteur incorrecte pour k=86
Time: 870 ns  Iteration: 0  Process: /code_barre_tb/line__98  File: C:/Users/yogio/OneDrive/Desktop/INF3500/labo-1-beaurel-2164587_2393842/src/code_barre_tb.vhd
Error: Erreur secteur incorrecte pour k=88
Time: 890 ns  Iteration: 0  Process: /code_barre_tb/line__98  File: C:/Users/yogio/OneDrive/Desktop/INF3500/labo-1-beaurel-2164587_2393842/src/code_barre_tb.vhd
Error: Erreur secteur incorrecte pour k=89
Time: 900 ns  Iteration: 0  Process: /code_barre_tb/line__98  File: C:/Users/yogio/OneDrive/Desktop/INF3500/labo-1-beaurel-2164587_2393842/src/code_barre_tb.vhd
Error: Erreur secteur incorrecte pour k=90
Time: 910 ns  Iteration: 0  Process: /code_barre_tb/line__98  File: C:/Users/yogio/OneDrive/Desktop/INF3500/labo-1-beaurel-2164587_2393842/src/code_barre_tb.vhd
Error: Erreur secteur incorrecte pour k=94
Time: 950 ns  Iteration: 0  Process: /code_barre_tb/line__98  File: C:/Users/yogio/OneDrive/Desktop/INF3500/labo-1-beaurel-2164587_2393842/src/code_barre_tb.vhd
Error: Erreur secteur incorrecte pour k=96
Time: 970 ns  Iteration: 0  Process: /code_barre_tb/line__98  File: C:/Users/yogio/OneDrive/Desktop/INF3500/labo-1-beaurel-2164587_2393842/src/code_barre_tb.vhd
Error: Erreur secteur incorrecte pour k=97
Time: 980 ns  Iteration: 0  Process: /code_barre_tb/line__98  File: C:/Users/yogio/OneDrive/Desktop/INF3500/labo-1-beaurel-2164587_2393842/src/code_barre_tb.vhd
Error: Erreur secteur incorrecte pour k=98
Time: 990 ns  Iteration: 0  Process: /code_barre_tb/line__98  File: C:/Users/yogio/OneDrive/Desktop/INF3500/labo-1-beaurel-2164587_2393842/src/code_barre_tb.vhd
Error: Erreur impression incorrecte pour k=104
Time: 1050 ns  Iteration: 0  Process: /code_barre_tb/line__98  File: C:/Users/yogio/OneDrive/Desktop/INF3500/labo-1-beaurel-2164587_2393842/src/code_barre_tb.vhd
Error: Impression valide incorrecte pour k=104
Time: 1050 ns  Iteration: 0  Process: /code_barre_tb/line__98  File: C:/Users/yogio/OneDrive/Desktop/INF3500/labo-1-beaurel-2164587_2393842/src/code_barre_tb.vhd
Error: Erreur secteur incorrecte pour k=104
Time: 1050 ns  Iteration: 0  Process: /code_barre_tb/line__98  File: C:/Users/yogio/OneDrive/Desktop/INF3500/labo-1-beaurel-2164587_2393842/src/code_barre_tb.vhd
Error: Erreur secteur incorrecte pour k=107
Time: 1080 ns  Iteration: 0  Process: /code_barre_tb/line__98  File: C:/Users/yogio/OneDrive/Desktop/INF3500/labo-1-beaurel-2164587_2393842/src/code_barre_tb.vhd
Error: Erreur impression incorrecte pour k=109
Time: 1100 ns  Iteration: 0  Process: /code_barre_tb/line__98  File: C:/Users/yogio/OneDrive/Desktop/INF3500/labo-1-beaurel-2164587_2393842/src/code_barre_tb.vhd
Error: Impression valide incorrecte pour k=109
Time: 1100 ns  Iteration: 0  Process: /code_barre_tb/line__98  File: C:/Users/yogio/OneDrive/Desktop/INF3500/labo-1-beaurel-2164587_2393842/src/code_barre_tb.vhd
Error: Erreur secteur incorrecte pour k=109
Time: 1100 ns  Iteration: 0  Process: /code_barre_tb/line__98  File: C:/Users/yogio/OneDrive/Desktop/INF3500/labo-1-beaurel-2164587_2393842/src/code_barre_tb.vhd
Error: Erreur secteur incorrecte pour k=114
Time: 1150 ns  Iteration: 0  Process: /code_barre_tb/line__98  File: C:/Users/yogio/OneDrive/Desktop/INF3500/labo-1-beaurel-2164587_2393842/src/code_barre_tb.vhd
Error: Erreur secteur incorrecte pour k=117
Time: 1180 ns  Iteration: 0  Process: /code_barre_tb/line__98  File: C:/Users/yogio/OneDrive/Desktop/INF3500/labo-1-beaurel-2164587_2393842/src/code_barre_tb.vhd
Error: Erreur impression incorrecte pour k=119
Time: 1200 ns  Iteration: 0  Process: /code_barre_tb/line__98  File: C:/Users/yogio/OneDrive/Desktop/INF3500/labo-1-beaurel-2164587_2393842/src/code_barre_tb.vhd
Error: Impression valide incorrecte pour k=119
Time: 1200 ns  Iteration: 0  Process: /code_barre_tb/line__98  File: C:/Users/yogio/OneDrive/Desktop/INF3500/labo-1-beaurel-2164587_2393842/src/code_barre_tb.vhd
Error: Erreur secteur incorrecte pour k=119
Time: 1200 ns  Iteration: 0  Process: /code_barre_tb/line__98  File: C:/Users/yogio/OneDrive/Desktop/INF3500/labo-1-beaurel-2164587_2393842/src/code_barre_tb.vhd
Error: Erreur impression incorrecte pour k=124
Time: 1250 ns  Iteration: 0  Process: /code_barre_tb/line__98  File: C:/Users/yogio/OneDrive/Desktop/INF3500/labo-1-beaurel-2164587_2393842/src/code_barre_tb.vhd
Error: Impression valide incorrecte pour k=124
Time: 1250 ns  Iteration: 0  Process: /code_barre_tb/line__98  File: C:/Users/yogio/OneDrive/Desktop/INF3500/labo-1-beaurel-2164587_2393842/src/code_barre_tb.vhd
Error: Erreur secteur incorrecte pour k=124
Time: 1250 ns  Iteration: 0  Process: /code_barre_tb/line__98  File: C:/Users/yogio/OneDrive/Desktop/INF3500/labo-1-beaurel-2164587_2393842/src/code_barre_tb.vhd
Error: Erreur secteur incorrecte pour k=127
Time: 1280 ns  Iteration: 0  Process: /code_barre_tb/line__98  File: C:/Users/yogio/OneDrive/Desktop/INF3500/labo-1-beaurel-2164587_2393842/src/code_barre_tb.vhd
Error: Erreur secteur incorrecte pour k=129
Time: 1300 ns  Iteration: 0  Process: /code_barre_tb/line__98  File: C:/Users/yogio/OneDrive/Desktop/INF3500/labo-1-beaurel-2164587_2393842/src/code_barre_tb.vhd
Error: Erreur secteur incorrecte pour k=130
Time: 1310 ns  Iteration: 0  Process: /code_barre_tb/line__98  File: C:/Users/yogio/OneDrive/Desktop/INF3500/labo-1-beaurel-2164587_2393842/src/code_barre_tb.vhd
Error: Erreur secteur incorrecte pour k=131
Time: 1320 ns  Iteration: 0  Process: /code_barre_tb/line__98  File: C:/Users/yogio/OneDrive/Desktop/INF3500/labo-1-beaurel-2164587_2393842/src/code_barre_tb.vhd
Error: Erreur secteur incorrecte pour k=132
Time: 1330 ns  Iteration: 0  Process: /code_barre_tb/line__98  File: C:/Users/yogio/OneDrive/Desktop/INF3500/labo-1-beaurel-2164587_2393842/src/code_barre_tb.vhd
Error: Erreur secteur incorrecte pour k=134
Time: 1350 ns  Iteration: 0  Process: /code_barre_tb/line__98  File: C:/Users/yogio/OneDrive/Desktop/INF3500/labo-1-beaurel-2164587_2393842/src/code_barre_tb.vhd
Error: Erreur secteur incorrecte pour k=137
Time: 1380 ns  Iteration: 0  Process: /code_barre_tb/line__98  File: C:/Users/yogio/OneDrive/Desktop/INF3500/labo-1-beaurel-2164587_2393842/src/code_barre_tb.vhd
Error: Erreur impression incorrecte pour k=139
Time: 1400 ns  Iteration: 0  Process: /code_barre_tb/line__98  File: C:/Users/yogio/OneDrive/Desktop/INF3500/labo-1-beaurel-2164587_2393842/src/code_barre_tb.vhd
Error: Impression valide incorrecte pour k=139
Time: 1400 ns  Iteration: 0  Process: /code_barre_tb/line__98  File: C:/Users/yogio/OneDrive/Desktop/INF3500/labo-1-beaurel-2164587_2393842/src/code_barre_tb.vhd
Error: Erreur secteur incorrecte pour k=139
Time: 1400 ns  Iteration: 0  Process: /code_barre_tb/line__98  File: C:/Users/yogio/OneDrive/Desktop/INF3500/labo-1-beaurel-2164587_2393842/src/code_barre_tb.vhd
Error: Erreur impression incorrecte pour k=144
Time: 1450 ns  Iteration: 0  Process: /code_barre_tb/line__98  File: C:/Users/yogio/OneDrive/Desktop/INF3500/labo-1-beaurel-2164587_2393842/src/code_barre_tb.vhd
Error: Impression valide incorrecte pour k=144
Time: 1450 ns  Iteration: 0  Process: /code_barre_tb/line__98  File: C:/Users/yogio/OneDrive/Desktop/INF3500/labo-1-beaurel-2164587_2393842/src/code_barre_tb.vhd
Error: Erreur secteur incorrecte pour k=144
Time: 1450 ns  Iteration: 0  Process: /code_barre_tb/line__98  File: C:/Users/yogio/OneDrive/Desktop/INF3500/labo-1-beaurel-2164587_2393842/src/code_barre_tb.vhd
Error: Erreur secteur incorrecte pour k=147
Time: 1480 ns  Iteration: 0  Process: /code_barre_tb/line__98  File: C:/Users/yogio/OneDrive/Desktop/INF3500/labo-1-beaurel-2164587_2393842/src/code_barre_tb.vhd
Error: Erreur impression incorrecte pour k=149
Time: 1500 ns  Iteration: 0  Process: /code_barre_tb/line__98  File: C:/Users/yogio/OneDrive/Desktop/INF3500/labo-1-beaurel-2164587_2393842/src/code_barre_tb.vhd
Error: Impression valide incorrecte pour k=149
Time: 1500 ns  Iteration: 0  Process: /code_barre_tb/line__98  File: C:/Users/yogio/OneDrive/Desktop/INF3500/labo-1-beaurel-2164587_2393842/src/code_barre_tb.vhd
Error: Erreur secteur incorrecte pour k=149
Time: 1500 ns  Iteration: 0  Process: /code_barre_tb/line__98  File: C:/Users/yogio/OneDrive/Desktop/INF3500/labo-1-beaurel-2164587_2393842/src/code_barre_tb.vhd
Error: Erreur secteur incorrecte pour k=154
Time: 1550 ns  Iteration: 0  Process: /code_barre_tb/line__98  File: C:/Users/yogio/OneDrive/Desktop/INF3500/labo-1-beaurel-2164587_2393842/src/code_barre_tb.vhd
Error: Erreur secteur incorrecte pour k=157
Time: 1580 ns  Iteration: 0  Process: /code_barre_tb/line__98  File: C:/Users/yogio/OneDrive/Desktop/INF3500/labo-1-beaurel-2164587_2393842/src/code_barre_tb.vhd
Error: Erreur secteur incorrecte pour k=159
Time: 1600 ns  Iteration: 0  Process: /code_barre_tb/line__98  File: C:/Users/yogio/OneDrive/Desktop/INF3500/labo-1-beaurel-2164587_2393842/src/code_barre_tb.vhd
Error: Erreur secteur incorrecte pour k=164
Time: 1650 ns  Iteration: 0  Process: /code_barre_tb/line__98  File: C:/Users/yogio/OneDrive/Desktop/INF3500/labo-1-beaurel-2164587_2393842/src/code_barre_tb.vhd
Error: Erreur secteur incorrecte pour k=167
Time: 1680 ns  Iteration: 0  Process: /code_barre_tb/line__98  File: C:/Users/yogio/OneDrive/Desktop/INF3500/labo-1-beaurel-2164587_2393842/src/code_barre_tb.vhd
Error: Erreur secteur incorrecte pour k=169
Time: 1700 ns  Iteration: 0  Process: /code_barre_tb/line__98  File: C:/Users/yogio/OneDrive/Desktop/INF3500/labo-1-beaurel-2164587_2393842/src/code_barre_tb.vhd
Error: Erreur secteur incorrecte pour k=170
Time: 1710 ns  Iteration: 0  Process: /code_barre_tb/line__98  File: C:/Users/yogio/OneDrive/Desktop/INF3500/labo-1-beaurel-2164587_2393842/src/code_barre_tb.vhd
Error: Erreur secteur incorrecte pour k=171
Time: 1720 ns  Iteration: 0  Process: /code_barre_tb/line__98  File: C:/Users/yogio/OneDrive/Desktop/INF3500/labo-1-beaurel-2164587_2393842/src/code_barre_tb.vhd
Error: Erreur secteur incorrecte pour k=172
Time: 1730 ns  Iteration: 0  Process: /code_barre_tb/line__98  File: C:/Users/yogio/OneDrive/Desktop/INF3500/labo-1-beaurel-2164587_2393842/src/code_barre_tb.vhd
Error: Erreur secteur incorrecte pour k=174
Time: 1750 ns  Iteration: 0  Process: /code_barre_tb/line__98  File: C:/Users/yogio/OneDrive/Desktop/INF3500/labo-1-beaurel-2164587_2393842/src/code_barre_tb.vhd
Error: Erreur secteur incorrecte pour k=177
Time: 1780 ns  Iteration: 0  Process: /code_barre_tb/line__98  File: C:/Users/yogio/OneDrive/Desktop/INF3500/labo-1-beaurel-2164587_2393842/src/code_barre_tb.vhd
Error: Erreur impression incorrecte pour k=179
Time: 1800 ns  Iteration: 0  Process: /code_barre_tb/line__98  File: C:/Users/yogio/OneDrive/Desktop/INF3500/labo-1-beaurel-2164587_2393842/src/code_barre_tb.vhd
Error: Impression valide incorrecte pour k=179
Time: 1800 ns  Iteration: 0  Process: /code_barre_tb/line__98  File: C:/Users/yogio/OneDrive/Desktop/INF3500/labo-1-beaurel-2164587_2393842/src/code_barre_tb.vhd
Error: Erreur secteur incorrecte pour k=179
Time: 1800 ns  Iteration: 0  Process: /code_barre_tb/line__98  File: C:/Users/yogio/OneDrive/Desktop/INF3500/labo-1-beaurel-2164587_2393842/src/code_barre_tb.vhd
Error: Erreur impression incorrecte pour k=184
Time: 1850 ns  Iteration: 0  Process: /code_barre_tb/line__98  File: C:/Users/yogio/OneDrive/Desktop/INF3500/labo-1-beaurel-2164587_2393842/src/code_barre_tb.vhd
Error: Impression valide incorrecte pour k=184
Time: 1850 ns  Iteration: 0  Process: /code_barre_tb/line__98  File: C:/Users/yogio/OneDrive/Desktop/INF3500/labo-1-beaurel-2164587_2393842/src/code_barre_tb.vhd
Error: Erreur secteur incorrecte pour k=184
Time: 1850 ns  Iteration: 0  Process: /code_barre_tb/line__98  File: C:/Users/yogio/OneDrive/Desktop/INF3500/labo-1-beaurel-2164587_2393842/src/code_barre_tb.vhd
Error: Erreur secteur incorrecte pour k=187
Time: 1880 ns  Iteration: 0  Process: /code_barre_tb/line__98  File: C:/Users/yogio/OneDrive/Desktop/INF3500/labo-1-beaurel-2164587_2393842/src/code_barre_tb.vhd
Error: Erreur impression incorrecte pour k=189
Time: 1900 ns  Iteration: 0  Process: /code_barre_tb/line__98  File: C:/Users/yogio/OneDrive/Desktop/INF3500/labo-1-beaurel-2164587_2393842/src/code_barre_tb.vhd
Error: Impression valide incorrecte pour k=189
Time: 1900 ns  Iteration: 0  Process: /code_barre_tb/line__98  File: C:/Users/yogio/OneDrive/Desktop/INF3500/labo-1-beaurel-2164587_2393842/src/code_barre_tb.vhd
Error: Erreur secteur incorrecte pour k=189
Time: 1900 ns  Iteration: 0  Process: /code_barre_tb/line__98  File: C:/Users/yogio/OneDrive/Desktop/INF3500/labo-1-beaurel-2164587_2393842/src/code_barre_tb.vhd
Error: Erreur secteur incorrecte pour k=194
Time: 1950 ns  Iteration: 0  Process: /code_barre_tb/line__98  File: C:/Users/yogio/OneDrive/Desktop/INF3500/labo-1-beaurel-2164587_2393842/src/code_barre_tb.vhd
Error: Erreur secteur incorrecte pour k=197
Time: 1980 ns  Iteration: 0  Process: /code_barre_tb/line__98  File: C:/Users/yogio/OneDrive/Desktop/INF3500/labo-1-beaurel-2164587_2393842/src/code_barre_tb.vhd
Error: Erreur impression incorrecte pour k=199
Time: 2 us  Iteration: 0  Process: /code_barre_tb/line__98  File: C:/Users/yogio/OneDrive/Desktop/INF3500/labo-1-beaurel-2164587_2393842/src/code_barre_tb.vhd
Error: Impression valide incorrecte pour k=199
Time: 2 us  Iteration: 0  Process: /code_barre_tb/line__98  File: C:/Users/yogio/OneDrive/Desktop/INF3500/labo-1-beaurel-2164587_2393842/src/code_barre_tb.vhd
Error: Erreur secteur incorrecte pour k=199
Time: 2 us  Iteration: 0  Process: /code_barre_tb/line__98  File: C:/Users/yogio/OneDrive/Desktop/INF3500/labo-1-beaurel-2164587_2393842/src/code_barre_tb.vhd
Error: Erreur impression incorrecte pour k=204
Time: 2050 ns  Iteration: 0  Process: /code_barre_tb/line__98  File: C:/Users/yogio/OneDrive/Desktop/INF3500/labo-1-beaurel-2164587_2393842/src/code_barre_tb.vhd
Error: Impression valide incorrecte pour k=204
Time: 2050 ns  Iteration: 0  Process: /code_barre_tb/line__98  File: C:/Users/yogio/OneDrive/Desktop/INF3500/labo-1-beaurel-2164587_2393842/src/code_barre_tb.vhd
Error: Erreur secteur incorrecte pour k=204
Time: 2050 ns  Iteration: 0  Process: /code_barre_tb/line__98  File: C:/Users/yogio/OneDrive/Desktop/INF3500/labo-1-beaurel-2164587_2393842/src/code_barre_tb.vhd
Error: Erreur secteur incorrecte pour k=207
Time: 2080 ns  Iteration: 0  Process: /code_barre_tb/line__98  File: C:/Users/yogio/OneDrive/Desktop/INF3500/labo-1-beaurel-2164587_2393842/src/code_barre_tb.vhd
Error: Erreur secteur incorrecte pour k=209
Time: 2100 ns  Iteration: 0  Process: /code_barre_tb/line__98  File: C:/Users/yogio/OneDrive/Desktop/INF3500/labo-1-beaurel-2164587_2393842/src/code_barre_tb.vhd
Error: Erreur secteur incorrecte pour k=210
Time: 2110 ns  Iteration: 0  Process: /code_barre_tb/line__98  File: C:/Users/yogio/OneDrive/Desktop/INF3500/labo-1-beaurel-2164587_2393842/src/code_barre_tb.vhd
Error: Erreur secteur incorrecte pour k=211
Time: 2120 ns  Iteration: 0  Process: /code_barre_tb/line__98  File: C:/Users/yogio/OneDrive/Desktop/INF3500/labo-1-beaurel-2164587_2393842/src/code_barre_tb.vhd
Error: Erreur secteur incorrecte pour k=212
Time: 2130 ns  Iteration: 0  Process: /code_barre_tb/line__98  File: C:/Users/yogio/OneDrive/Desktop/INF3500/labo-1-beaurel-2164587_2393842/src/code_barre_tb.vhd
Error: Erreur secteur incorrecte pour k=214
Time: 2150 ns  Iteration: 0  Process: /code_barre_tb/line__98  File: C:/Users/yogio/OneDrive/Desktop/INF3500/labo-1-beaurel-2164587_2393842/src/code_barre_tb.vhd
Error: Erreur secteur incorrecte pour k=217
Time: 2180 ns  Iteration: 0  Process: /code_barre_tb/line__98  File: C:/Users/yogio/OneDrive/Desktop/INF3500/labo-1-beaurel-2164587_2393842/src/code_barre_tb.vhd
Error: Erreur secteur incorrecte pour k=219
Time: 2200 ns  Iteration: 0  Process: /code_barre_tb/line__98  File: C:/Users/yogio/OneDrive/Desktop/INF3500/labo-1-beaurel-2164587_2393842/src/code_barre_tb.vhd
Error: Erreur secteur incorrecte pour k=220
Time: 2210 ns  Iteration: 0  Process: /code_barre_tb/line__98  File: C:/Users/yogio/OneDrive/Desktop/INF3500/labo-1-beaurel-2164587_2393842/src/code_barre_tb.vhd
Error: Erreur secteur incorrecte pour k=221
Time: 2220 ns  Iteration: 0  Process: /code_barre_tb/line__98  File: C:/Users/yogio/OneDrive/Desktop/INF3500/labo-1-beaurel-2164587_2393842/src/code_barre_tb.vhd
Error: Erreur secteur incorrecte pour k=222
Time: 2230 ns  Iteration: 0  Process: /code_barre_tb/line__98  File: C:/Users/yogio/OneDrive/Desktop/INF3500/labo-1-beaurel-2164587_2393842/src/code_barre_tb.vhd
Error: Erreur secteur incorrecte pour k=224
Time: 2250 ns  Iteration: 0  Process: /code_barre_tb/line__98  File: C:/Users/yogio/OneDrive/Desktop/INF3500/labo-1-beaurel-2164587_2393842/src/code_barre_tb.vhd
Error: Erreur secteur incorrecte pour k=225
Time: 2260 ns  Iteration: 0  Process: /code_barre_tb/line__98  File: C:/Users/yogio/OneDrive/Desktop/INF3500/labo-1-beaurel-2164587_2393842/src/code_barre_tb.vhd
Error: Erreur secteur incorrecte pour k=226
Time: 2270 ns  Iteration: 0  Process: /code_barre_tb/line__98  File: C:/Users/yogio/OneDrive/Desktop/INF3500/labo-1-beaurel-2164587_2393842/src/code_barre_tb.vhd
Error: Erreur secteur incorrecte pour k=227
Time: 2280 ns  Iteration: 0  Process: /code_barre_tb/line__98  File: C:/Users/yogio/OneDrive/Desktop/INF3500/labo-1-beaurel-2164587_2393842/src/code_barre_tb.vhd
Error: Erreur secteur incorrecte pour k=229
Time: 2300 ns  Iteration: 0  Process: /code_barre_tb/line__98  File: C:/Users/yogio/OneDrive/Desktop/INF3500/labo-1-beaurel-2164587_2393842/src/code_barre_tb.vhd
Error: Erreur secteur incorrecte pour k=230
Time: 2310 ns  Iteration: 0  Process: /code_barre_tb/line__98  File: C:/Users/yogio/OneDrive/Desktop/INF3500/labo-1-beaurel-2164587_2393842/src/code_barre_tb.vhd
Error: Erreur secteur incorrecte pour k=231
Time: 2320 ns  Iteration: 0  Process: /code_barre_tb/line__98  File: C:/Users/yogio/OneDrive/Desktop/INF3500/labo-1-beaurel-2164587_2393842/src/code_barre_tb.vhd
Error: Erreur secteur incorrecte pour k=232
Time: 2330 ns  Iteration: 0  Process: /code_barre_tb/line__98  File: C:/Users/yogio/OneDrive/Desktop/INF3500/labo-1-beaurel-2164587_2393842/src/code_barre_tb.vhd
Error: Erreur secteur incorrecte pour k=234
Time: 2350 ns  Iteration: 0  Process: /code_barre_tb/line__98  File: C:/Users/yogio/OneDrive/Desktop/INF3500/labo-1-beaurel-2164587_2393842/src/code_barre_tb.vhd
Error: Erreur secteur incorrecte pour k=237
Time: 2380 ns  Iteration: 0  Process: /code_barre_tb/line__98  File: C:/Users/yogio/OneDrive/Desktop/INF3500/labo-1-beaurel-2164587_2393842/src/code_barre_tb.vhd
Error: Erreur secteur incorrecte pour k=239
Time: 2400 ns  Iteration: 0  Process: /code_barre_tb/line__98  File: C:/Users/yogio/OneDrive/Desktop/INF3500/labo-1-beaurel-2164587_2393842/src/code_barre_tb.vhd
Error: Erreur secteur incorrecte pour k=244
Time: 2450 ns  Iteration: 0  Process: /code_barre_tb/line__98  File: C:/Users/yogio/OneDrive/Desktop/INF3500/labo-1-beaurel-2164587_2393842/src/code_barre_tb.vhd
Error: Erreur secteur incorrecte pour k=247
Time: 2480 ns  Iteration: 0  Process: /code_barre_tb/line__98  File: C:/Users/yogio/OneDrive/Desktop/INF3500/labo-1-beaurel-2164587_2393842/src/code_barre_tb.vhd
Error: Erreur secteur incorrecte pour k=249
Time: 2500 ns  Iteration: 0  Process: /code_barre_tb/line__98  File: C:/Users/yogio/OneDrive/Desktop/INF3500/labo-1-beaurel-2164587_2393842/src/code_barre_tb.vhd
Error: Erreur secteur incorrecte pour k=250
Time: 2510 ns  Iteration: 0  Process: /code_barre_tb/line__98  File: C:/Users/yogio/OneDrive/Desktop/INF3500/labo-1-beaurel-2164587_2393842/src/code_barre_tb.vhd
Error: Erreur secteur incorrecte pour k=251
Time: 2520 ns  Iteration: 0  Process: /code_barre_tb/line__98  File: C:/Users/yogio/OneDrive/Desktop/INF3500/labo-1-beaurel-2164587_2393842/src/code_barre_tb.vhd
Error: Erreur secteur incorrecte pour k=252
Time: 2530 ns  Iteration: 0  Process: /code_barre_tb/line__98  File: C:/Users/yogio/OneDrive/Desktop/INF3500/labo-1-beaurel-2164587_2393842/src/code_barre_tb.vhd
Error: Erreur secteur incorrecte pour k=254
Time: 2550 ns  Iteration: 0  Process: /code_barre_tb/line__98  File: C:/Users/yogio/OneDrive/Desktop/INF3500/labo-1-beaurel-2164587_2393842/src/code_barre_tb.vhd
Note: Simulation terminée avec succès.
Time: 2560 ns  Iteration: 0  Process: /code_barre_tb/line__98  File: C:/Users/yogio/OneDrive/Desktop/INF3500/labo-1-beaurel-2164587_2393842/src/code_barre_tb.vhd
$finish called at time : 2560 ns : File "C:/Users/yogio/OneDrive/Desktop/INF3500/labo-1-beaurel-2164587_2393842/src/code_barre_tb.vhd" Line 129
