Copyright 1986-2022 Xilinx, Inc. All Rights Reserved. Copyright 2022-2025 Advanced Micro Devices, Inc. All Rights Reserved.
---------------------------------------------------------------------------------------------------------------------------------------------
| Tool Version : Vivado v.2025.1 (win64) Build 6140274 Thu May 22 00:12:29 MDT 2025
| Date         : Mon Nov  3 19:59:19 2025
| Host         : Ivan running 64-bit major release  (build 9200)
| Command      : report_control_sets -verbose -file top_control_sets_placed.rpt
| Design       : top
| Device       : xc7z020
---------------------------------------------------------------------------------------------------------------------------------------------

Control Set Information

Table of Contents
-----------------
1. Summary
2. Histogram
3. Flip-Flop Distribution
4. Detailed Control Set Information

1. Summary
----------

+----------------------------------------------------------+-------+
|                          Status                          | Count |
+----------------------------------------------------------+-------+
| Total control sets                                       |    44 |
|    Minimum number of control sets                        |    44 |
|    Addition due to synthesis replication                 |     0 |
|    Addition due to physical synthesis replication        |     0 |
| Unused register locations in slices containing registers |   112 |
+----------------------------------------------------------+-------+
* Control sets can be merged at opt_design using control_set_merge or merge_equivalent_drivers
** Run report_qor_suggestions for automated merging and remapping suggestions


2. Histogram
------------

+--------------------+-------+
|       Fanout       | Count |
+--------------------+-------+
| Total control sets |    44 |
| >= 0 to < 4        |     4 |
| >= 4 to < 6        |     9 |
| >= 6 to < 8        |     2 |
| >= 8 to < 10       |     1 |
| >= 10 to < 12      |     1 |
| >= 12 to < 14      |     6 |
| >= 14 to < 16      |     2 |
| >= 16              |    19 |
+--------------------+-------+
* Control sets can be remapped at either synth_design or opt_design


3. Flip-Flop Distribution
-------------------------

+--------------+-----------------------+------------------------+-----------------+--------------+
| Clock Enable | Synchronous Set/Reset | Asynchronous Set/Reset | Total Registers | Total Slices |
+--------------+-----------------------+------------------------+-----------------+--------------+
| No           | No                    | No                     |             286 |           86 |
| No           | No                    | Yes                    |               1 |            1 |
| No           | Yes                   | No                     |             158 |           47 |
| Yes          | No                    | No                     |             346 |           81 |
| Yes          | No                    | Yes                    |              52 |           13 |
| Yes          | Yes                   | No                     |             133 |           31 |
+--------------+-----------------------+------------------------+-----------------+--------------+


4. Detailed Control Set Information
-----------------------------------

+--------------------------------------------------+-----------------------------------------------------------------------------------------------------------------------------------------------------------------+--------------------------------------------------------------------------------------------------------------------------------------------------------+------------------+----------------+--------------+
|                   Clock Signal                   |                                                                          Enable Signal                                                                          |                                                                    Set/Reset Signal                                                                    | Slice Load Count | Bel Load Count | Bels / Slice |
+--------------------------------------------------+-----------------------------------------------------------------------------------------------------------------------------------------------------------------+--------------------------------------------------------------------------------------------------------------------------------------------------------+------------------+----------------+--------------+
|  clk_50_Hz_BUFG                                  |                                                                                                                                                                 | btn0db/AR[0]                                                                                                                                           |                1 |              1 |         1.00 |
|  clk_50_Hz_BUFG                                  | inst_racine_carree/etat                                                                                                                                         | btn0db/AR[0]                                                                                                                                           |                1 |              1 |         1.00 |
|  zynq/zynq_i/processing_system7_0/inst/FCLK_CLK0 | zynq/zynq_i/ps7_0_axi_periph/s00_couplers/auto_pc/inst/gen_axilite.gen_b2s_conv.axilite_b2s/WR.aw_channel_0/aw_cmd_fsm_0/FSM_sequential_state_reg[0]_1          | zynq/zynq_i/ps7_0_axi_periph/s00_couplers/auto_pc/inst/gen_axilite.gen_b2s_conv.axilite_b2s/WR.aw_channel_0/aw_cmd_fsm_0/FSM_sequential_state_reg[0]_0 |                1 |              1 |         1.00 |
|  zynq/zynq_i/processing_system7_0/inst/FCLK_CLK0 | zynq/zynq_i/ps7_0_axi_periph/s00_couplers/auto_pc/inst/gen_axilite.gen_b2s_conv.axilite_b2s/WR.b_channel_0/bid_fifo_0/sel                                       |                                                                                                                                                        |                1 |              2 |         2.00 |
|  zynq/zynq_i/processing_system7_0/inst/FCLK_CLK0 | zynq/zynq_i/ps7_0_axi_periph/s00_couplers/auto_pc/inst/gen_axilite.gen_b2s_conv.axilite_b2s/RD.ar_channel_0/ar_cmd_fsm_0/m_axi_arready_2                        | zynq/zynq_i/ps7_0_axi_periph/s00_couplers/auto_pc/inst/gen_axilite.gen_b2s_conv.axilite_b2s/RD.ar_channel_0/ar_cmd_fsm_0/FSM_sequential_state_reg[1]_0 |                2 |              4 |         2.00 |
|  zynq/zynq_i/processing_system7_0/inst/FCLK_CLK0 |                                                                                                                                                                 | zynq/zynq_i/proc_sys_reset_0/U0/EXT_LPF/lpf_int                                                                                                        |                1 |              4 |         4.00 |
|  zynq/zynq_i/processing_system7_0/inst/FCLK_CLK0 |                                                                                                                                                                 | zynq/zynq_i/axi_gpio_0/U0/AXI_LITE_IPIF_I/I_SLAVE_ATTACHMENT/clear                                                                                     |                1 |              4 |         4.00 |
|  zynq/zynq_i/processing_system7_0/inst/FCLK_CLK0 |                                                                                                                                                                 | zynq/zynq_i/ps7_0_axi_periph/s00_couplers/auto_pc/inst/gen_axilite.gen_b2s_conv.axilite_b2s/SI_REG/aw.aw_pipe/aresetn_d_reg[0]_0                       |                3 |              4 |         1.33 |
|  zynq/zynq_i/processing_system7_0/inst/FCLK_CLK0 |                                                                                                                                                                 | zynq/zynq_i/ps7_0_axi_periph/s00_couplers/auto_pc/inst/gen_axilite.gen_b2s_conv.axilite_b2s/SI_REG/aw.aw_pipe/aresetn_d_reg[1]_inv_0                   |                3 |              4 |         1.33 |
|  zynq/zynq_i/processing_system7_0/inst/FCLK_CLK0 | zynq/zynq_i/axi_gpio_0/U0/AXI_LITE_IPIF_I/I_SLAVE_ATTACHMENT/start2                                                                                             | zynq/zynq_i/axi_gpio_0/U0/AXI_LITE_IPIF_I/I_SLAVE_ATTACHMENT/I_DECODER/cs_ce_clr                                                                       |                1 |              4 |         4.00 |
|  zynq/zynq_i/processing_system7_0/inst/FCLK_CLK0 | zynq/zynq_i/axi_gpio_0/U0/AXI_LITE_IPIF_I/I_SLAVE_ATTACHMENT/bus2ip_addr_i[8]_i_1_n_0                                                                           | zynq/zynq_i/axi_gpio_0/U0/AXI_LITE_IPIF_I/I_SLAVE_ATTACHMENT/SR[0]                                                                                     |                1 |              4 |         4.00 |
|  zynq/zynq_i/processing_system7_0/inst/FCLK_CLK0 | zynq/zynq_i/ps7_0_axi_periph/s00_couplers/auto_pc/inst/gen_axilite.gen_b2s_conv.axilite_b2s/RD.r_channel_0/transaction_fifo_0/cnt_read[4]_i_1_n_0               | zynq/zynq_i/ps7_0_axi_periph/s00_couplers/auto_pc/inst/gen_axilite.gen_b2s_conv.axilite_b2s/areset_d1                                                  |                2 |              5 |         2.50 |
|  zynq/zynq_i/processing_system7_0/inst/FCLK_CLK0 | zynq/zynq_i/ps7_0_axi_periph/s00_couplers/auto_pc/inst/gen_axilite.gen_b2s_conv.axilite_b2s/RD.r_channel_0/rd_data_fifo_0/cnt_read[4]_i_1__0_n_0                | zynq/zynq_i/ps7_0_axi_periph/s00_couplers/auto_pc/inst/gen_axilite.gen_b2s_conv.axilite_b2s/areset_d1                                                  |                2 |              5 |         2.50 |
|  zynq/zynq_i/processing_system7_0/inst/FCLK_CLK0 | zynq/zynq_i/proc_sys_reset_0/U0/SEQ/seq_cnt_en                                                                                                                  | zynq/zynq_i/proc_sys_reset_0/U0/SEQ/SEQ_COUNTER/clear                                                                                                  |                1 |              6 |         6.00 |
|  zynq/zynq_i/processing_system7_0/inst/FCLK_CLK0 | por_inst/sel                                                                                                                                                    |                                                                                                                                                        |                2 |              7 |         3.50 |
|  zynq/zynq_i/processing_system7_0/inst/FCLK_CLK0 | zynq/zynq_i/ps7_0_axi_periph/s00_couplers/auto_pc/inst/gen_axilite.gen_b2s_conv.axilite_b2s/WR.b_channel_0/mhandshake_r                                         | zynq/zynq_i/ps7_0_axi_periph/s00_couplers/auto_pc/inst/gen_axilite.gen_b2s_conv.axilite_b2s/WR.b_channel_0/bid_fifo_0/SR[0]                            |                2 |              8 |         4.00 |
|  zynq/zynq_i/processing_system7_0/inst/FCLK_CLK0 |                                                                                                                                                                 | zynq/zynq_i/ps7_0_axi_periph/s00_couplers/auto_pc/inst/gen_axilite.gen_b2s_conv.axilite_b2s/areset_d1                                                  |                5 |             10 |         2.00 |
|  clk_50_Hz_BUFG                                  |                                                                                                                                                                 |                                                                                                                                                        |                4 |             12 |         3.00 |
|  zynq/zynq_i/processing_system7_0/inst/FCLK_CLK0 | zynq/zynq_i/ps7_0_axi_periph/s00_couplers/auto_pc/inst/gen_axilite.gen_b2s_conv.axilite_b2s/WR.aw_channel_0/cmd_translator_0/incr_cmd_0/axaddr_incr[11]_i_1_n_0 |                                                                                                                                                        |                2 |             12 |         6.00 |
|  zynq/zynq_i/processing_system7_0/inst/FCLK_CLK0 | zynq/zynq_i/ps7_0_axi_periph/s00_couplers/auto_pc/inst/gen_axilite.gen_b2s_conv.axilite_b2s/RD.ar_channel_0/ar_cmd_fsm_0/sel_first_reg[0]                       |                                                                                                                                                        |                3 |             12 |         4.00 |
|  zynq/zynq_i/processing_system7_0/inst/FCLK_CLK0 | zynq/zynq_i/ps7_0_axi_periph/s00_couplers/auto_pc/inst/gen_axilite.gen_b2s_conv.axilite_b2s/WR.aw_channel_0/aw_cmd_fsm_0/m_valid_i_reg[0]                       |                                                                                                                                                        |                4 |             12 |         3.00 |
|  zynq/zynq_i/processing_system7_0/inst/FCLK_CLK0 | zynq/zynq_i/ps7_0_axi_periph/s00_couplers/auto_pc/inst/gen_axilite.gen_b2s_conv.axilite_b2s/RD.ar_channel_0/ar_cmd_fsm_0/E[0]                                   |                                                                                                                                                        |                5 |             12 |         2.40 |
|  zynq/zynq_i/processing_system7_0/inst/FCLK_CLK0 | zynq/zynq_i/ps7_0_axi_periph/s00_couplers/auto_pc/inst/gen_axilite.gen_b2s_conv.axilite_b2s/RD.r_channel_0/r_push_r                                             |                                                                                                                                                        |                4 |             13 |         3.25 |
|  zynq/zynq_i/processing_system7_0/inst/FCLK_CLK0 | zynq/zynq_i/ps7_0_axi_periph/s00_couplers/auto_pc/inst/gen_axilite.gen_b2s_conv.axilite_b2s/SI_REG/b.b_pipe/p_1_in                                              |                                                                                                                                                        |                3 |             14 |         4.67 |
|  zynq/zynq_i/processing_system7_0/inst/FCLK_CLK0 | zynq/zynq_i/ps7_0_axi_periph/s00_couplers/auto_pc/inst/gen_axilite.gen_b2s_conv.axilite_b2s/SI_REG/b.b_pipe/s_ready_i_reg_0                                     |                                                                                                                                                        |                3 |             14 |         4.67 |
|  zynq/zynq_i/processing_system7_0/inst/FCLK_CLK0 | zynq/zynq_i/ps7_0_axi_periph/s00_couplers/auto_pc/inst/gen_axilite.gen_b2s_conv.axilite_b2s/WR.aw_channel_0/aw_cmd_fsm_0/m_axi_awready_0                        |                                                                                                                                                        |                3 |             16 |         5.33 |
|  clk_50_Hz_BUFG                                  | inst_racine_carree/xk_0                                                                                                                                         | btn0db/AR[0]                                                                                                                                           |                4 |             19 |         4.75 |
|  zynq/zynq_i/processing_system7_0/inst/FCLK_CLK0 |                                                                                                                                                                 | gen_clk/clk_int                                                                                                                                        |                6 |             21 |         3.50 |
|  zynq/zynq_i/processing_system7_0/inst/FCLK_CLK0 | zynq/zynq_i/ps7_0_axi_periph/s00_couplers/auto_pc/inst/gen_axilite.gen_b2s_conv.axilite_b2s/RD.ar_channel_0/ar_cmd_fsm_0/m_axi_arready_2                        |                                                                                                                                                        |                7 |             21 |         3.00 |
|  zynq/zynq_i/processing_system7_0/inst/FCLK_CLK0 | zynq/zynq_i/ps7_0_axi_periph/s00_couplers/auto_pc/inst/gen_axilite.gen_b2s_conv.axilite_b2s/WR.aw_channel_0/aw_cmd_fsm_0/FSM_sequential_state_reg[0]_1          |                                                                                                                                                        |                9 |             24 |         2.67 |
|  zynq/zynq_i/processing_system7_0/inst/FCLK_CLK0 | zynq/zynq_i/axi_gpio_0/U0/AXI_LITE_IPIF_I/I_SLAVE_ATTACHMENT/I_DECODER/E[0]                                                                                     | zynq/zynq_i/axi_gpio_0/U0/AXI_LITE_IPIF_I/I_SLAVE_ATTACHMENT/SR[0]                                                                                     |                7 |             32 |         4.57 |
|  zynq/zynq_i/processing_system7_0/inst/FCLK_CLK0 | zynq/zynq_i/axi_gpio_0/U0/AXI_LITE_IPIF_I/I_SLAVE_ATTACHMENT/I_DECODER/bus2ip_rnw_i_reg[0]                                                                      | zynq/zynq_i/axi_gpio_0/U0/AXI_LITE_IPIF_I/I_SLAVE_ATTACHMENT/SR[0]                                                                                     |                7 |             32 |         4.57 |
|  zynq/zynq_i/processing_system7_0/inst/FCLK_CLK0 | zynq/zynq_i/axi_gpio_0/U0/AXI_LITE_IPIF_I/I_SLAVE_ATTACHMENT/s_axi_rresp_i                                                                                      | zynq/zynq_i/axi_gpio_0/U0/AXI_LITE_IPIF_I/I_SLAVE_ATTACHMENT/SR[0]                                                                                     |                5 |             32 |         6.40 |
|  zynq/zynq_i/processing_system7_0/inst/FCLK_CLK0 | zynq/zynq_i/ps7_0_axi_periph/s00_couplers/auto_pc/inst/gen_axilite.gen_b2s_conv.axilite_b2s/RD.r_channel_0/rd_data_fifo_0/wr_en0                                |                                                                                                                                                        |                8 |             32 |         4.00 |
|  zynq/zynq_i/processing_system7_0/inst/FCLK_CLK0 | zynq/zynq_i/ps7_0_axi_periph/s00_couplers/auto_pc/inst/gen_axilite.gen_b2s_conv.axilite_b2s/SI_REG/ar.ar_pipe/s_ready_i_reg_0                                   |                                                                                                                                                        |                6 |             32 |         5.33 |
|  clk_50_Hz_BUFG                                  | btn1db/E[0]                                                                                                                                                     | btn0db/AR[0]                                                                                                                                           |                8 |             32 |         4.00 |
|  zynq/zynq_i/processing_system7_0/inst/FCLK_CLK0 | zynq/zynq_i/ps7_0_axi_periph/s00_couplers/auto_pc/inst/gen_axilite.gen_b2s_conv.axilite_b2s/WR.aw_channel_0/aw_cmd_fsm_0/E[0]                                   |                                                                                                                                                        |                6 |             32 |         5.33 |
|  zynq/zynq_i/processing_system7_0/inst/FCLK_CLK0 | zynq/zynq_i/ps7_0_axi_periph/s00_couplers/auto_pc/inst/gen_axilite.gen_b2s_conv.axilite_b2s/RD.ar_channel_0/ar_cmd_fsm_0/m_valid_i_reg[0]                       |                                                                                                                                                        |                6 |             32 |         5.33 |
|  zynq/zynq_i/processing_system7_0/inst/FCLK_CLK0 | zynq/zynq_i/ps7_0_axi_periph/s00_couplers/auto_pc/inst/gen_axilite.gen_b2s_conv.axilite_b2s/SI_REG/aw.aw_pipe/s_ready_i_reg_0                                   |                                                                                                                                                        |                6 |             32 |         5.33 |
|  zynq/zynq_i/processing_system7_0/inst/FCLK_CLK0 | zynq/zynq_i/ps7_0_axi_periph/s00_couplers/auto_pc/inst/gen_axilite.gen_b2s_conv.axilite_b2s/SI_REG/r.r_pipe/s_ready_i_reg_0                                     |                                                                                                                                                        |               12 |             45 |         3.75 |
|  zynq/zynq_i/processing_system7_0/inst/FCLK_CLK0 | zynq/zynq_i/ps7_0_axi_periph/s00_couplers/auto_pc/inst/gen_axilite.gen_b2s_conv.axilite_b2s/SI_REG/r.r_pipe/p_1_in                                              |                                                                                                                                                        |                7 |             45 |         6.43 |
|  zynq/zynq_i/processing_system7_0/inst/FCLK_CLK0 |                                                                                                                                                                 | zynq/zynq_i/axi_gpio_0/U0/AXI_LITE_IPIF_I/I_SLAVE_ATTACHMENT/SR[0]                                                                                     |               14 |             47 |         3.36 |
|  zynq/zynq_i/processing_system7_0/inst/FCLK_CLK0 |                                                                                                                                                                 | zynq/zynq_i/axi_gpio_0/U0/AXI_LITE_IPIF_I/I_SLAVE_ATTACHMENT/I_DECODER/bus2ip_rnw_i_reg_0                                                              |               14 |             64 |         4.57 |
|  zynq/zynq_i/processing_system7_0/inst/FCLK_CLK0 |                                                                                                                                                                 |                                                                                                                                                        |               83 |            275 |         3.31 |
+--------------------------------------------------+-----------------------------------------------------------------------------------------------------------------------------------------------------------------+--------------------------------------------------------------------------------------------------------------------------------------------------------+------------------+----------------+--------------+


