#-----------------------------------------------------------
# Vivado v2025.1 (64-bit)
# SW Build 6140274 on Thu May 22 00:12:29 MDT 2025
# IP Build 6138677 on Thu May 22 03:10:11 MDT 2025
# SharedData Build 6139179 on Tue May 20 17:58:58 MDT 2025
# Start of session at: Sun Nov 30 18:13:24 2025
# Process ID         : 28596
# Current directory  : C:/Users/yogio/OneDrive/Desktop/INF3500/laboratoire5/laboratoire5.runs/zynq_axi_mem_intercon_1_imp_auto_us_0_synth_1
# Command line       : vivado.exe -log zynq_axi_mem_intercon_1_imp_auto_us_0.vds -product Vivado -mode batch -messageDb vivado.pb -notrace -source zynq_axi_mem_intercon_1_imp_auto_us_0.tcl
# Log file           : C:/Users/yogio/OneDrive/Desktop/INF3500/laboratoire5/laboratoire5.runs/zynq_axi_mem_intercon_1_imp_auto_us_0_synth_1/zynq_axi_mem_intercon_1_imp_auto_us_0.vds
# Journal file       : C:/Users/yogio/OneDrive/Desktop/INF3500/laboratoire5/laboratoire5.runs/zynq_axi_mem_intercon_1_imp_auto_us_0_synth_1\vivado.jou
# Running On         : Ivan
# Platform           : Windows Server 2016 or Windows 10
# Operating System   : 26100
# Processor Detail   : 12th Gen Intel(R) Core(TM) i7-12700KF
# CPU Frequency      : 3610 MHz
# CPU Physical cores : 12
# CPU Logical cores  : 20
# Host memory        : 51343 MB
# Swap memory        : 3221 MB
# Total Virtual      : 54565 MB
# Available Virtual  : 30380 MB
#-----------------------------------------------------------
source zynq_axi_mem_intercon_1_imp_auto_us_0.tcl -notrace
